ARM Linker, 5.03 [Build 24] [MDK-ARM Professional]

==============================================================================

Section Cross References

    usbd_ctlreq.o(i.USBD_CtlError) refers to usbd_conf.o(i.USBD_LL_StallEP) for USBD_LL_StallEP
    usbd_ctlreq.o(i.USBD_GetDescriptor) refers to usbd_ctlreq.o(i.USBD_CtlError) for USBD_CtlError
    usbd_ctlreq.o(i.USBD_GetDescriptor) refers to usbd_ioreq.o(i.USBD_CtlSendData) for USBD_CtlSendData
    usbd_ctlreq.o(i.USBD_SetConfig) refers to usbd_core.o(i.USBD_ClrClassConfig) for USBD_ClrClassConfig
    usbd_ctlreq.o(i.USBD_SetConfig) refers to usbd_core.o(i.USBD_SetClassConfig) for USBD_SetClassConfig
    usbd_ctlreq.o(i.USBD_SetConfig) refers to usbd_ioreq.o(i.USBD_CtlSendStatus) for USBD_CtlSendStatus
    usbd_ctlreq.o(i.USBD_SetConfig) refers to usbd_ctlreq.o(i.USBD_CtlError) for USBD_CtlError
    usbd_ctlreq.o(i.USBD_SetConfig) refers to usbd_ctlreq.o(.data) for .data
    usbd_ctlreq.o(i.USBD_StdDevReq) refers to usbd_ctlreq.o(i.USBD_GetDescriptor) for USBD_GetDescriptor
    usbd_ctlreq.o(i.USBD_StdDevReq) refers to usbd_conf.o(i.USBD_LL_SetUSBAddress) for USBD_LL_SetUSBAddress
    usbd_ctlreq.o(i.USBD_StdDevReq) refers to usbd_ioreq.o(i.USBD_CtlSendStatus) for USBD_CtlSendStatus
    usbd_ctlreq.o(i.USBD_StdDevReq) refers to usbd_ctlreq.o(i.USBD_SetConfig) for USBD_SetConfig
    usbd_ctlreq.o(i.USBD_StdDevReq) refers to usbd_ioreq.o(i.USBD_CtlSendData) for USBD_CtlSendData
    usbd_ctlreq.o(i.USBD_StdDevReq) refers to usbd_ctlreq.o(i.USBD_CtlError) for USBD_CtlError
    usbd_ctlreq.o(i.USBD_StdEPReq) refers to usbd_conf.o(i.USBD_LL_StallEP) for USBD_LL_StallEP
    usbd_ctlreq.o(i.USBD_StdEPReq) refers to usbd_conf.o(i.USBD_LL_ClearStallEP) for USBD_LL_ClearStallEP
    usbd_ctlreq.o(i.USBD_StdEPReq) refers to usbd_ioreq.o(i.USBD_CtlSendStatus) for USBD_CtlSendStatus
    usbd_ctlreq.o(i.USBD_StdEPReq) refers to usbd_ctlreq.o(i.USBD_CtlError) for USBD_CtlError
    usbd_ctlreq.o(i.USBD_StdEPReq) refers to usbd_conf.o(i.USBD_LL_IsStallEP) for USBD_LL_IsStallEP
    usbd_ctlreq.o(i.USBD_StdEPReq) refers to usbd_ioreq.o(i.USBD_CtlSendData) for USBD_CtlSendData
    usbd_ctlreq.o(i.USBD_StdItfReq) refers to usbd_ioreq.o(i.USBD_CtlSendStatus) for USBD_CtlSendStatus
    usbd_ctlreq.o(i.USBD_StdItfReq) refers to usbd_ctlreq.o(i.USBD_CtlError) for USBD_CtlError
    usbd_cdc.o(i.USBD_CDC_DataOut) refers to usbd_conf.o(i.USBD_LL_GetRxDataSize) for USBD_LL_GetRxDataSize
    usbd_cdc.o(i.USBD_CDC_DeInit) refers to usbd_conf.o(i.USBD_LL_CloseEP) for USBD_LL_CloseEP
    usbd_cdc.o(i.USBD_CDC_DeInit) refers to usbd_conf.o(i.USBD_static_free) for USBD_static_free
    usbd_cdc.o(i.USBD_CDC_GetDeviceQualifierDescriptor) refers to usbd_cdc.o(.data) for .data
    usbd_cdc.o(i.USBD_CDC_GetFSCfgDesc) refers to usbd_cdc.o(.data) for .data
    usbd_cdc.o(i.USBD_CDC_GetHSCfgDesc) refers to usbd_cdc.o(.data) for .data
    usbd_cdc.o(i.USBD_CDC_GetOtherSpeedCfgDesc) refers to usbd_cdc.o(.data) for .data
    usbd_cdc.o(i.USBD_CDC_Init) refers to usbd_conf.o(i.USBD_LL_OpenEP) for USBD_LL_OpenEP
    usbd_cdc.o(i.USBD_CDC_Init) refers to usbd_conf.o(i.USBD_static_malloc) for USBD_static_malloc
    usbd_cdc.o(i.USBD_CDC_Init) refers to usbd_conf.o(i.USBD_LL_PrepareReceive) for USBD_LL_PrepareReceive
    usbd_cdc.o(i.USBD_CDC_ReceivePacket) refers to usbd_conf.o(i.USBD_LL_PrepareReceive) for USBD_LL_PrepareReceive
    usbd_cdc.o(i.USBD_CDC_Setup) refers to usbd_ioreq.o(i.USBD_CtlSendData) for USBD_CtlSendData
    usbd_cdc.o(i.USBD_CDC_Setup) refers to usbd_ioreq.o(i.USBD_CtlPrepareRx) for USBD_CtlPrepareRx
    usbd_cdc.o(i.USBD_CDC_TransmitPacket) refers to usbd_conf.o(i.USBD_LL_Transmit) for USBD_LL_Transmit
    usbd_cdc.o(.data) refers to usbd_cdc.o(i.USBD_CDC_Init) for USBD_CDC_Init
    usbd_cdc.o(.data) refers to usbd_cdc.o(i.USBD_CDC_DeInit) for USBD_CDC_DeInit
    usbd_cdc.o(.data) refers to usbd_cdc.o(i.USBD_CDC_Setup) for USBD_CDC_Setup
    usbd_cdc.o(.data) refers to usbd_cdc.o(i.USBD_CDC_EP0_RxReady) for USBD_CDC_EP0_RxReady
    usbd_cdc.o(.data) refers to usbd_cdc.o(i.USBD_CDC_DataIn) for USBD_CDC_DataIn
    usbd_cdc.o(.data) refers to usbd_cdc.o(i.USBD_CDC_DataOut) for USBD_CDC_DataOut
    usbd_cdc.o(.data) refers to usbd_cdc.o(i.USBD_CDC_GetHSCfgDesc) for USBD_CDC_GetHSCfgDesc
    usbd_cdc.o(.data) refers to usbd_cdc.o(i.USBD_CDC_GetFSCfgDesc) for USBD_CDC_GetFSCfgDesc
    usbd_cdc.o(.data) refers to usbd_cdc.o(i.USBD_CDC_GetOtherSpeedCfgDesc) for USBD_CDC_GetOtherSpeedCfgDesc
    usbd_cdc.o(.data) refers to usbd_cdc.o(i.USBD_CDC_GetDeviceQualifierDescriptor) for USBD_CDC_GetDeviceQualifierDescriptor
    usbd_ioreq.o(i.USBD_CtlContinueRx) refers to usbd_conf.o(i.USBD_LL_PrepareReceive) for USBD_LL_PrepareReceive
    usbd_ioreq.o(i.USBD_CtlContinueSendData) refers to usbd_conf.o(i.USBD_LL_Transmit) for USBD_LL_Transmit
    usbd_ioreq.o(i.USBD_CtlPrepareRx) refers to usbd_conf.o(i.USBD_LL_PrepareReceive) for USBD_LL_PrepareReceive
[...]
    Removing stm32f1xx_hal_flash.o(i.HAL_FLASH_Program), (128 bytes).
    Removing stm32f1xx_hal_flash.o(i.HAL_FLASH_Program_IT), (100 bytes).
    Removing stm32f1xx_hal_flash.o(i.HAL_FLASH_Unlock), (36 bytes).
    Removing stm32f1xx_hal_flash.o(.bss), (32 bytes).
    Removing stm32f1xx_hal_adc_ex.o(.rev16_text), (4 bytes).
    Removing stm32f1xx_hal_adc_ex.o(.revsh_text), (4 bytes).
    Removing stm32f1xx_hal_adc_ex.o(.rrx_text), (6 bytes).
    Removing stm32f1xx_hal_adc_ex.o(i.HAL_ADCEx_Calibration_Start), (180 bytes).
    Removing stm32f1xx_hal_adc_ex.o(i.HAL_ADCEx_InjectedConfigChannel), (588 bytes).
    Removing stm32f1xx_hal_adc_ex.o(i.HAL_ADCEx_InjectedConvCpltCallback), (2 bytes).
    Removing stm32f1xx_hal_adc_ex.o(i.HAL_ADCEx_InjectedGetValue), (44 bytes).
    Removing stm32f1xx_hal_adc_ex.o(i.HAL_ADCEx_InjectedPollForConversion), (276 bytes).
    Removing stm32f1xx_hal_adc_ex.o(i.HAL_ADCEx_InjectedStart), (144 bytes).
    Removing stm32f1xx_hal_adc_ex.o(i.HAL_ADCEx_InjectedStart_IT), (152 bytes).
    Removing stm32f1xx_hal_adc_ex.o(i.HAL_ADCEx_InjectedStop), (78 bytes).
    Removing stm32f1xx_hal_adc_ex.o(i.HAL_ADCEx_InjectedStop_IT), (88 bytes).
    Removing stm32f1xx_hal_adc_ex.o(i.HAL_ADCEx_MultiModeConfigChannel), (96 bytes).
    Removing stm32f1xx_hal_adc_ex.o(i.HAL_ADCEx_MultiModeGetValue), (32 bytes).
    Removing stm32f1xx_hal_adc_ex.o(i.HAL_ADCEx_MultiModeStart_DMA), (216 bytes).
    Removing stm32f1xx_hal_adc_ex.o(i.HAL_ADCEx_MultiModeStop_DMA), (112 bytes).
    Removing stm32f1xx_hal_adc.o(.rev16_text), (4 bytes).
    Removing stm32f1xx_hal_adc.o(.revsh_text), (4 bytes).
    Removing stm32f1xx_hal_adc.o(.rrx_text), (6 bytes).
    Removing stm32f1xx_hal_adc.o(i.HAL_ADC_AnalogWDGConfig), (88 bytes).
    Removing stm32f1xx_hal_adc.o(i.HAL_ADC_DeInit), (228 bytes).
    Removing stm32f1xx_hal_adc.o(i.HAL_ADC_GetError), (4 bytes).
    Removing stm32f1xx_hal_adc.o(i.HAL_ADC_GetState), (6 bytes).
    Removing stm32f1xx_hal_adc.o(i.HAL_ADC_GetValue), (6 bytes).
    Removing stm32f1xx_hal_adc.o(i.HAL_ADC_IRQHandler), (242 bytes).
    Removing stm32f1xx_hal_adc.o(i.HAL_ADC_LevelOutOfWindowCallback), (2 bytes).
    Removing stm32f1xx_hal_adc.o(i.HAL_ADC_MspDeInit), (2 bytes).
    Removing stm32f1xx_hal_adc.o(i.HAL_ADC_MspInit), (2 bytes).
    Removing stm32f1xx_hal_adc.o(i.HAL_ADC_PollForConversion), (280 bytes).
    Removing stm32f1xx_hal_adc.o(i.HAL_ADC_PollForEvent), (80 bytes).
    Removing stm32f1xx_hal_adc.o(i.HAL_ADC_Start_IT), (148 bytes).
    Removing stm32f1xx_hal_adc.o(i.HAL_ADC_Stop_IT), (54 bytes).
    Removing startup_stm32f103xb.o(HEAP), (512 bytes).
    Removing dadd.o(.text), (334 bytes).
    Removing dmul.o(.text), (228 bytes).
    Removing ddiv.o(.text), (222 bytes).
    Removing dfixul.o(.text), (48 bytes).
    Removing cdrcmple.o(.text), (40 bytes).
    Removing depilogue.o(.text), (190 bytes).

261 unused section(s) (total 10588 bytes) removed from the image.

==============================================================================

Image Symbol Table

    Local Symbols

    Symbol Name                              Value     Ov Type        Size  Object(Section)

    ../clib/../cmprslib/zerorunl2.c          0x00000000   Number         0  __dczerorl2.o ABSOLUTE
    ../clib/microlib/division.c              0x00000000   Number         0  uldiv.o ABSOLUTE
    ../clib/microlib/division.c              0x00000000   Number         0  uidiv.o ABSOLUTE
    ../clib/microlib/init/entry.s            0x00000000   Number         0  entry7b.o ABSOLUTE
    ../clib/microlib/init/entry.s            0x00000000   Number         0  entry11b.o ABSOLUTE
    ../clib/microlib/init/entry.s            0x00000000   Number         0  entry5.o ABSOLUTE
    ../clib/microlib/init/entry.s            0x00000000   Number         0  entry10a.o ABSOLUTE
    ../clib/microlib/init/entry.s            0x00000000   Number         0  entry9b.o ABSOLUTE
    ../clib/microlib/init/entry.s            0x00000000   Number         0  entry10b.o ABSOLUTE
    ../clib/microlib/init/entry.s            0x00000000   Number         0  entry9a.o ABSOLUTE
    ../clib/microlib/init/entry.s            0x00000000   Number         0  entry7a.o ABSOLUTE
    ../clib/microlib/init/entry.s            0x00000000   Number         0  entry8b.o ABSOLUTE
    ../clib/microlib/init/entry.s            0x00000000   Number         0  entry8a.o ABSOLUTE
    ../clib/microlib/init/entry.s            0x00000000   Number         0  entry2.o ABSOLUTE
    ../clib/microlib/init/entry.s            0x00000000   Number         0  entry11a.o ABSOLUTE
    ../clib/microlib/init/entry.s            0x00000000   Number         0  entry.o ABSOLUTE
    ../clib/microlib/longlong.c              0x00000000   Number         0  llsshr.o ABSOLUTE
    ../clib/microlib/longlong.c              0x00000000   Number         0  llshl.o ABSOLUTE
    ../clib/microlib/longlong.c              0x00000000   Number         0  llushr.o ABSOLUTE
    ../clib/microlib/malloc/malloc.c         0x00000000   Number         0  malloc.o ABSOLUTE
    ../clib/microlib/malloc/malloc.c         0x00000000   Number         0  malloca.o ABSOLUTE
    ../clib/microlib/malloc/malloc.c         0x00000000   Number         0  mallocr.o ABSOLUTE
    ../clib/microlib/malloc/malloc.c         0x00000000   Number         0  mallocra.o ABSOLUTE
    ../clib/microlib/malloc/mvars.c          0x00000000   Number         0  mvars.o ABSOLUTE
    ../clib/microlib/printf/printf.c         0x00000000   Number         0  printfa.o ABSOLUTE
    ../clib/microlib/printf/printf.c         0x00000000   Number         0  printf8.o ABSOLUTE
    ../clib/microlib/printf/printf.c         0x00000000   Number         0  printf7.o ABSOLUTE
    ../clib/microlib/printf/printf.c         0x00000000   Number         0  printf6.o ABSOLUTE
    ../clib/microlib/printf/printf.c         0x00000000   Number         0  printf5.o ABSOLUTE
    ../clib/microlib/printf/printf.c         0x00000000   Number         0  printf4.o ABSOLUTE
    ../clib/microlib/printf/printf.c         0x00000000   Number         0  printf3.o ABSOLUTE
    ../clib/microlib/printf/printf.c         0x00000000   Number         0  printf2.o ABSOLUTE
    ../clib/microlib/printf/printf.c         0x00000000   Number         0  printf1.o ABSOLUTE
    ../clib/microlib/printf/printf.c         0x00000000   Number         0  printf0.o ABSOLUTE
    ../clib/microlib/printf/printf.c         0x00000000   Number         0  printfb.o ABSOLUTE
    ../clib/microlib/printf/stubs.s          0x00000000   Number         0  stubs.o ABSOLUTE
    ../clib/microlib/stdio/fputc.c           0x00000000   Number         0  fputc.o ABSOLUTE
    ../clib/microlib/stdio/semi.s            0x00000000   Number         0  semi.o ABSOLUTE
    ../clib/microlib/stdio/streams.c         0x00000000   Number         0  stdout.o ABSOLUTE
    ../clib/microlib/string/memcpy.c         0x00000000   Number         0  memcpyb.o ABSOLUTE
    ../clib/microlib/string/memcpy.c         0x00000000   Number         0  memcpya.o ABSOLUTE
    ../clib/microlib/string/strlen.c         0x00000000   Number         0  strlen.o ABSOLUTE
    ../clib/microlib/stubs.s                 0x00000000   Number         0  iusesemip.o ABSOLUTE
    ../clib/microlib/stubs.s                 0x00000000   Number         0  iusefp.o ABSOLUTE
    ../fplib/microlib/fpadd.c                0x00000000   Number         0  dadd.o ABSOLUTE
    ../fplib/microlib/fpdiv.c                0x00000000   Number         0  ddiv.o ABSOLUTE
    ../fplib/microlib/fpepilogue.c           0x00000000   Number         0  depilogue.o ABSOLUTE
    ../fplib/microlib/fpfix.c                0x00000000   Number         0  dfixul.o ABSOLUTE
    ../fplib/microlib/fpmul.c                0x00000000   Number         0  dmul.o ABSOLUTE
    ..\Drivers\CMSIS\Device\ST\STM32F1xx\Source\Templates\arm\startup_stm32f103xb.s 0x00000000   Number         0  startup_stm32f103xb.o ABSOLUTE
    ..\Drivers\CMSIS\Device\ST\STM32F1xx\Source\Templates\system_stm32f1xx.c 0x00000000   Number         0  system_stm32f1xx.o ABSOLUTE
    ..\Drivers\STM32F1xx_HAL_Driver\Src\stm32f1xx_hal.c 0x00000000   Number         0  stm32f1xx_hal.o ABSOLUTE
    ..\Drivers\STM32F1xx_HAL_Driver\Src\stm32f1xx_hal_adc.c 0x00000000   Number         0  stm32f1xx_hal_adc.o ABSOLUTE
    ..\Drivers\STM32F1xx_HAL_Driver\Src\stm32f1xx_hal_adc_ex.c 0x00000000   Number         0  stm32f1xx_hal_adc_ex.o ABSOLUTE
    ..\Drivers\STM32F1xx_HAL_Driver\Src\stm32f1xx_hal_cortex.c 0x00000000   Number         0  stm32f1xx_hal_cortex.o ABSOLUTE
    ..\Drivers\STM32F1xx_HAL_Driver\Src\stm32f1xx_hal_dma.c 0x00000000   Number         0  stm32f1xx_hal_dma.o ABSOLUTE
    ..\Drivers\STM32F1xx_HAL_Driver\Src\stm32f1xx_hal_flash.c 0x00000000   Number         0  stm32f1xx_hal_flash.o ABSOLUTE
    ..\Drivers\STM32F1xx_HAL_Driver\Src\stm32f1xx_hal_flash_ex.c 0x00000000   Number         0  stm32f1xx_hal_flash_ex.o ABSOLUTE
    ..\Drivers\STM32F1xx_HAL_Driver\Src\stm32f1xx_hal_gpio.c 0x00000000   Number         0  stm32f1xx_hal_gpio.o ABSOLUTE
    ..\Drivers\STM32F1xx_HAL_Driver\Src\stm32f1xx_hal_gpio_ex.c 0x00000000   Number         0  stm32f1xx_hal_gpio_ex.o ABSOLUTE
    ..\Drivers\STM32F1xx_HAL_Driver\Src\stm32f1xx_hal_pcd.c 0x00000000   Number         0  stm32f1xx_hal_pcd.o ABSOLUTE
    ..\Drivers\STM32F1xx_HAL_Driver\Src\stm32f1xx_hal_pcd_ex.c 0x00000000   Number         0  stm32f1xx_hal_pcd_ex.o ABSOLUTE
    ..\Drivers\STM32F1xx_HAL_Driver\Src\stm32f1xx_hal_pwr.c 0x00000000   Number         0  stm32f1xx_hal_pwr.o ABSOLUTE
    ..\Drivers\STM32F1xx_HAL_Driver\Src\stm32f1xx_hal_rcc.c 0x00000000   Number         0  stm32f1xx_hal_rcc.o ABSOLUTE
    ..\Drivers\STM32F1xx_HAL_Driver\Src\stm32f1xx_hal_rcc_ex.c 0x00000000   Number         0  stm32f1xx_hal_rcc_ex.o ABSOLUTE
    ..\Drivers\STM32F1xx_HAL_Driver\Src\stm32f1xx_ll_usb.c 0x00000000   Number         0  stm32f1xx_ll_usb.o ABSOLUTE
    ..\Middlewares\ST\STM32_USB_Device_Library\Class\CDC\Src\usbd_cdc.c 0x00000000   Number         0  usbd_cdc.o ABSOLUTE
    ..\Middlewares\ST\STM32_USB_Device_Library\Core\Src\usbd_core.c 0x00000000   Number         0  usbd_core.o ABSOLUTE
    ..\Middlewares\ST\STM32_USB_Device_Library\Core\Src\usbd_ctlreq.c 0x00000000   Number         0  usbd_ctlreq.o ABSOLUTE
    ..\Middlewares\ST\STM32_USB_Device_Library\Core\Src\usbd_ioreq.c 0x00000000   Number         0  usbd_ioreq.o ABSOLUTE
    ..\Src\main.c                            0x00000000   Number         0  main.o ABSOLUTE
    ..\Src\stm32f1xx_hal_msp.c               0x00000000   Number         0  stm32f1xx_hal_msp.o ABSOLUTE
    ..\Src\stm32f1xx_it.c                    0x00000000   Number         0  stm32f1xx_it.o ABSOLUTE
    ..\Src\usb_device.c                      0x00000000   Number         0  usb_device.o ABSOLUTE
    ..\Src\usbd_cdc_if.c                     0x00000000   Number         0  usbd_cdc_if.o ABSOLUTE
    ..\Src\usbd_conf.c                       0x00000000   Number         0  usbd_conf.o ABSOLUTE
    ..\Src\usbd_desc.c                       0x00000000   Number         0  usbd_desc.o ABSOLUTE
    ..\\Drivers\\CMSIS\\Device\\ST\\STM32F1xx\\Source\\Templates\\system_stm32f1xx.c 0x00000000   Number         0  system_stm32f1xx.o ABSOLUTE
    ..\\Drivers\\STM32F1xx_HAL_Driver\\Src\\stm32f1xx_hal.c 0x00000000   Number         0  stm32f1xx_hal.o ABSOLUTE
    ..\\Drivers\\STM32F1xx_HAL_Driver\\Src\\stm32f1xx_hal_adc.c 0x00000000   Number         0  stm32f1xx_hal_adc.o ABSOLUTE
    ..\\Drivers\\STM32F1xx_HAL_Driver\\Src\\stm32f1xx_hal_adc_ex.c 0x00000000   Number         0  stm32f1xx_hal_adc_ex.o ABSOLUTE
    ..\\Drivers\\STM32F1xx_HAL_Driver\\Src\\stm32f1xx_hal_cortex.c 0x00000000   Number         0  stm32f1xx_hal_cortex.o ABSOLUTE
    ..\\Drivers\\STM32F1xx_HAL_Driver\\Src\\stm32f1xx_hal_dma.c 0x00000000   Number         0  stm32f1xx_hal_dma.o ABSOLUTE
    ..\\Drivers\\STM32F1xx_HAL_Driver\\Src\\stm32f1xx_hal_flash.c 0x00000000   Number         0  stm32f1xx_hal_flash.o ABSOLUTE
    ..\\Drivers\\STM32F1xx_HAL_Driver\\Src\\stm32f1xx_hal_flash_ex.c 0x00000000   Number         0  stm32f1xx_hal_flash_ex.o ABSOLUTE
    ..\\Drivers\\STM32F1xx_HAL_Driver\\Src\\stm32f1xx_hal_gpio.c 0x00000000   Number         0  stm32f1xx_hal_gpio.o ABSOLUTE
    ..\\Drivers\\STM32F1xx_HAL_Driver\\Src\\stm32f1xx_hal_gpio_ex.c 0x00000000   Number         0  stm32f1xx_hal_gpio_ex.o ABSOLUTE
    ..\\Drivers\\STM32F1xx_HAL_Driver\\Src\\stm32f1xx_hal_pcd.c 0x00000000   Number         0  stm32f1xx_hal_pcd.o ABSOLUTE
    ..\\Drivers\\STM32F1xx_HAL_Driver\\Src\\stm32f1xx_hal_pcd_ex.c 0x00000000   Number         0  stm32f1xx_hal_pcd_ex.o ABSOLUTE
    ..\\Drivers\\STM32F1xx_HAL_Driver\\Src\\stm32f1xx_hal_pwr.c 0x00000000   Number         0  stm32f1xx_hal_pwr.o ABSOLUTE
    ..\\Drivers\\STM32F1xx_HAL_Driver\\Src\\stm32f1xx_hal_rcc.c 0x00000000   Number         0  stm32f1xx_hal_rcc.o ABSOLUTE
    ..\\Drivers\\STM32F1xx_HAL_Driver\\Src\\stm32f1xx_hal_rcc_ex.c 0x00000000   Number         0  stm32f1xx_hal_rcc_ex.o ABSOLUTE
    ..\\Drivers\\STM32F1xx_HAL_Driver\\Src\\stm32f1xx_ll_usb.c 0x00000000   Number         0  stm32f1xx_ll_usb.o ABSOLUTE
    ..\\Middlewares\\ST\\STM32_USB_Device_Library\\Class\\CDC\\Src\\usbd_cdc.c 0x00000000   Number         0  usbd_cdc.o ABSOLUTE
    ..\\Middlewares\\ST\\STM32_USB_Device_Library\\Core\\Src\\usbd_core.c 0x00000000   Number         0  usbd_core.o ABSOLUTE
    ..\\Middlewares\\ST\\STM32_USB_Device_Library\\Core\\Src\\usbd_ctlreq.c 0x00000000   Number         0  usbd_ctlreq.o ABSOLUTE
    ..\\Middlewares\\ST\\STM32_USB_Device_Library\\Core\\Src\\usbd_ioreq.c 0x00000000   Number         0  usbd_ioreq.o ABSOLUTE
    ..\\Src\\main.c                          0x00000000   Number         0  main.o ABSOLUTE
    ..\\Src\\stm32f1xx_hal_msp.c             0x00000000   Number         0  stm32f1xx_hal_msp.o ABSOLUTE
    ..\\Src\\stm32f1xx_it.c                  0x00000000   Number         0  stm32f1xx_it.o ABSOLUTE
    ..\\Src\\usb_device.c                    0x00000000   Number         0  usb_device.o ABSOLUTE
    ..\\Src\\usbd_cdc_if.c                   0x00000000   Number         0  usbd_cdc_if.o ABSOLUTE
    ..\\Src\\usbd_conf.c                     0x00000000   Number         0  usbd_conf.o ABSOLUTE
    ..\\Src\\usbd_desc.c                     0x00000000   Number         0  usbd_desc.o ABSOLUTE
    cdrcmple.s                               0x00000000   Number         0  cdrcmple.o ABSOLUTE
    dc.s                                     0x00000000   Number         0  dc.o ABSOLUTE
    handlers.s                               0x00000000   Number         0  handlers.o ABSOLUTE
    init.s                                   0x00000000   Number         0  init.o ABSOLUTE
    RESET                                    0x08000000   Section      236  startup_stm32f103xb.o(RESET)
    .ARM.Collect$$$$00000000                 0x080000ec   Section        0  entry.o(.ARM.Collect$$$$00000000)
    .ARM.Collect$$$$00000001                 0x080000ec   Section        4  entry2.o(.ARM.Collect$$$$00000001)
    .ARM.Collect$$$$00000004                 0x080000f0   Section        4  entry5.o(.ARM.Collect$$$$00000004)
    .ARM.Collect$$$$00000008                 0x080000f4   Section        0  entry7b.o(.ARM.Collect$$$$00000008)
    .ARM.Collect$$$$0000000A                 0x080000f4   Section        0  entry8b.o(.ARM.Collect$$$$0000000A)
    .ARM.Collect$$$$0000000B                 0x080000f4   Section        8  entry9a.o(.ARM.Collect$$$$0000000B)
    .ARM.Collect$$$$0000000D                 0x080000fc   Section        0  entry10a.o(.ARM.Collect$$$$0000000D)
    .ARM.Collect$$$$0000000F                 0x080000fc   Section        0  entry11a.o(.ARM.Collect$$$$0000000F)
    .ARM.Collect$$$$00002712                 0x080000fc   Section        4  entry2.o(.ARM.Collect$$$$00002712)
    __lit__00000000                          0x080000fc   Data           4  entry2.o(.ARM.Collect$$$$00002712)
    .text                                    0x08000100   Section       36  startup_stm32f103xb.o(.text)
    .text                                    0x08000124   Section        0  memcpya.o(.text)
    .text                                    0x08000148   Section        0  strlen.o(.text)
    .text                                    0x08000156   Section        0  uidiv.o(.text)
    .text                                    0x08000184   Section       36  init.o(.text)
    .text                                    0x080001a8   Section        0  __dczerorl2.o(.text)
    i.ADC_ConversionStop_Disable             0x08000204   Section        0  stm32f1xx_hal_adc.o(i.ADC_ConversionStop_Disable)
    i.ADC_DMAConvCplt                        0x0800024e   Section        0  stm32f1xx_hal_adc.o(i.ADC_DMAConvCplt)
    i.ADC_DMAError                           0x08000288   Section        0  stm32f1xx_hal_adc.o(i.ADC_DMAError)
    i.ADC_DMAHalfConvCplt                    0x080002a0   Section        0  stm32f1xx_hal_adc.o(i.ADC_DMAHalfConvCplt)
    i.ADC_Enable                             0x080002ac   Section        0  stm32f1xx_hal_adc.o(i.ADC_Enable)
    i.CDC_Control_FS                         0x08000318   Section        0  usbd_cdc_if.o(i.CDC_Control_FS)
    CDC_Control_FS                           0x08000319   Thumb Code     4  usbd_cdc_if.o(i.CDC_Control_FS)
    i.CDC_DeInit_FS                          0x0800031c   Section        0  usbd_cdc_if.o(i.CDC_DeInit_FS)
    CDC_DeInit_FS                            0x0800031d   Thumb Code     4  usbd_cdc_if.o(i.CDC_DeInit_FS)
    i.CDC_Init_FS                            0x08000320   Section        0  usbd_cdc_if.o(i.CDC_Init_FS)
    CDC_Init_FS                              0x08000321   Thumb Code    30  usbd_cdc_if.o(i.CDC_Init_FS)
    i.CDC_Receive_FS                         0x0800034c   Section        0  usbd_cdc_if.o(i.CDC_Receive_FS)
    CDC_Receive_FS                           0x0800034d   Thumb Code    20  usbd_cdc_if.o(i.CDC_Receive_FS)
    i.CDC_Transmit_FS                        0x08000368   Section        0  usbd_cdc_if.o(i.CDC_Transmit_FS)
    i.DMA1_Channel1_IRQHandler               0x08000384   Section        0  stm32f1xx_it.o(i.DMA1_Channel1_IRQHandler)
    i.DMA_SetConfig                          0x08000390   Section        0  stm32f1xx_hal_dma.o(i.DMA_SetConfig)
    DMA_SetConfig                            0x08000391   Thumb Code    30  stm32f1xx_hal_dma.o(i.DMA_SetConfig)
    i.HAL_ADC_ConfigChannel                  0x080003b0   Section        0  stm32f1xx_hal_adc.o(i.HAL_ADC_ConfigChannel)
    i.HAL_ADC_ConvCpltCallback               0x08000514   Section        0  stm32f1xx_hal_adc.o(i.HAL_ADC_ConvCpltCallback)
    i.HAL_ADC_ConvHalfCpltCallback           0x08000516   Section        0  stm32f1xx_hal_adc.o(i.HAL_ADC_ConvHalfCpltCallback)
    i.HAL_ADC_ErrorCallback                  0x08000518   Section        0  stm32f1xx_hal_adc.o(i.HAL_ADC_ErrorCallback)
    i.HAL_ADC_Init                           0x0800051c   Section        0  stm32f1xx_hal_adc.o(i.HAL_ADC_Init)
    i.HAL_ADC_MspInit                        0x08000624   Section        0  stm32f1xx_hal_msp.o(i.HAL_ADC_MspInit)
    i.HAL_ADC_Start                          0x08000694   Section        0  stm32f1xx_hal_adc.o(i.HAL_ADC_Start)
    i.HAL_ADC_Start_DMA                      0x0800071c   Section        0  stm32f1xx_hal_adc.o(i.HAL_ADC_Start_DMA)
    i.HAL_ADC_Stop                           0x080007ec   Section        0  stm32f1xx_hal_adc.o(i.HAL_ADC_Stop)
    i.HAL_ADC_Stop_DMA                       0x08000818   Section        0  stm32f1xx_hal_adc.o(i.HAL_ADC_Stop_DMA)
    i.HAL_DMA_Abort                          0x08000860   Section        0  stm32f1xx_hal_dma.o(i.HAL_DMA_Abort)
    i.HAL_DMA_IRQHandler                     0x080008b4   Section        0  stm32f1xx_hal_dma.o(i.HAL_DMA_IRQHandler)
    i.HAL_DMA_Init                           0x08000b20   Section        0  stm32f1xx_hal_dma.o(i.HAL_DMA_Init)
    i.HAL_DMA_PollForTransfer                0x08000b70   Section        0  stm32f1xx_hal_dma.o(i.HAL_DMA_PollForTransfer)
    i.HAL_DMA_Start_IT                       0x08000da8   Section        0  stm32f1xx_hal_dma.o(i.HAL_DMA_Start_IT)
    i.HAL_Delay                              0x08000e00   Section        0  stm32f1xx_hal.o(i.HAL_Delay)
    i.HAL_GPIO_Init                          0x08000e18   Section        0  stm32f1xx_hal_gpio.o(i.HAL_GPIO_Init)
    i.HAL_GetTick                            0x08000ff0   Section        0  stm32f1xx_hal.o(i.HAL_GetTick)
    i.HAL_IncTick                            0x08000ffc   Section        0  stm32f1xx_hal.o(i.HAL_IncTick)
    i.HAL_Init                               0x0800100c   Section        0  stm32f1xx_hal.o(i.HAL_Init)
    i.HAL_InitTick                           0x08001030   Section        0  stm32f1xx_hal.o(i.HAL_InitTick)
    i.HAL_MspInit                            0x08001054   Section        0  stm32f1xx_hal_msp.o(i.HAL_MspInit)
    i.HAL_NVIC_EnableIRQ                     0x08001090   Section        0  stm32f1xx_hal_cortex.o(i.HAL_NVIC_EnableIRQ)
    i.HAL_NVIC_SetPriority                   0x080010a8   Section        0  stm32f1xx_hal_cortex.o(i.HAL_NVIC_SetPriority)
    i.HAL_NVIC_SetPriorityGrouping           0x080010e8   Section        0  stm32f1xx_hal_cortex.o(i.HAL_NVIC_SetPriorityGrouping)
    i.HAL_PCDEx_PMAConfig                    0x0800110c   Section        0  stm32f1xx_hal_pcd_ex.o(i.HAL_PCDEx_PMAConfig)
    i.HAL_PCDEx_SetConnectionState           0x08001140   Section        0  usbd_conf.o(i.HAL_PCDEx_SetConnectionState)
    i.HAL_PCD_DataInStageCallback            0x08001142   Section        0  usbd_conf.o(i.HAL_PCD_DataInStageCallback)
    i.HAL_PCD_DataOutStageCallback           0x08001150   Section        0  usbd_conf.o(i.HAL_PCD_DataOutStageCallback)
    i.HAL_PCD_EP_Close                       0x08001160   Section        0  stm32f1xx_hal_pcd.o(i.HAL_PCD_EP_Close)
    i.HAL_PCD_EP_ClrStall                    0x080011a0   Section        0  stm32f1xx_hal_pcd.o(i.HAL_PCD_EP_ClrStall)
    i.HAL_PCD_EP_GetRxCount                  0x080011e8   Section        0  stm32f1xx_hal_pcd.o(i.HAL_PCD_EP_GetRxCount)
    i.HAL_PCD_EP_Open                        0x080011f8   Section        0  stm32f1xx_hal_pcd.o(i.HAL_PCD_EP_Open)
    i.HAL_PCD_EP_Receive                     0x0800123c   Section        0  stm32f1xx_hal_pcd.o(i.HAL_PCD_EP_Receive)
    i.HAL_PCD_EP_SetStall                    0x0800127e   Section        0  stm32f1xx_hal_pcd.o(i.HAL_PCD_EP_SetStall)
    i.HAL_PCD_EP_Transmit                    0x080012d4   Section        0  stm32f1xx_hal_pcd.o(i.HAL_PCD_EP_Transmit)
    i.HAL_PCD_IRQHandler                     0x08001314   Section        0  stm32f1xx_hal_pcd.o(i.HAL_PCD_IRQHandler)
    i.HAL_PCD_Init                           0x08001420   Section        0  stm32f1xx_hal_pcd.o(i.HAL_PCD_Init)
    i.HAL_PCD_MspInit                        0x080014dc   Section        0  usbd_conf.o(i.HAL_PCD_MspInit)
    i.HAL_PCD_ResetCallback                  0x08001518   Section        0  usbd_conf.o(i.HAL_PCD_ResetCallback)
    i.HAL_PCD_ResumeCallback                 0x08001532   Section        0  usbd_conf.o(i.HAL_PCD_ResumeCallback)
    i.HAL_PCD_SOFCallback                    0x0800153a   Section        0  usbd_conf.o(i.HAL_PCD_SOFCallback)
    i.HAL_PCD_SetAddress                     0x08001542   Section        0  stm32f1xx_hal_pcd.o(i.HAL_PCD_SetAddress)
    i.HAL_PCD_SetupStageCallback             0x0800156a   Section        0  usbd_conf.o(i.HAL_PCD_SetupStageCallback)
    i.HAL_PCD_Start                          0x08001578   Section        0  stm32f1xx_hal_pcd.o(i.HAL_PCD_Start)
    i.HAL_PCD_SuspendCallback                0x080015ac   Section        0  usbd_conf.o(i.HAL_PCD_SuspendCallback)
    i.HAL_RCCEx_PeriphCLKConfig              0x080015d0   Section        0  stm32f1xx_hal_rcc_ex.o(i.HAL_RCCEx_PeriphCLKConfig)
    i.HAL_RCC_ClockConfig                    0x080016f4   Section        0  stm32f1xx_hal_rcc_ex.o(i.HAL_RCC_ClockConfig)
    i.HAL_RCC_GetHCLKFreq                    0x0800197c   Section        0  stm32f1xx_hal_rcc.o(i.HAL_RCC_GetHCLKFreq)
    i.HAL_RCC_GetSysClockFreq                0x080019b0   Section        0  stm32f1xx_hal_rcc.o(i.HAL_RCC_GetSysClockFreq)
    i.HAL_RCC_OscConfig                      0x08001a40   Section        0  stm32f1xx_hal_rcc.o(i.HAL_RCC_OscConfig)
    i.HAL_SYSTICK_CLKSourceConfig            0x080020de   Section        0  stm32f1xx_hal_cortex.o(i.HAL_SYSTICK_CLKSourceConfig)
    i.HAL_SYSTICK_Callback                   0x080020f6   Section        0  stm32f1xx_hal_cortex.o(i.HAL_SYSTICK_Callback)
    i.HAL_SYSTICK_Config                     0x080020f8   Section        0  stm32f1xx_hal_cortex.o(i.HAL_SYSTICK_Config)
    i.HAL_SYSTICK_IRQHandler                 0x08002120   Section        0  stm32f1xx_hal_cortex.o(i.HAL_SYSTICK_IRQHandler)
    i.MX_USB_DEVICE_Init                     0x08002128   Section        0  usb_device.o(i.MX_USB_DEVICE_Init)
    i.NVIC_SetPriority                       0x08002160   Section        0  stm32f1xx_hal_cortex.o(i.NVIC_SetPriority)
    NVIC_SetPriority                         0x08002161   Thumb Code    22  stm32f1xx_hal_cortex.o(i.NVIC_SetPriority)
    i.PCD_EP_ISR_Handler                     0x08002180   Section        0  stm32f1xx_hal_pcd.o(i.PCD_EP_ISR_Handler)
    PCD_EP_ISR_Handler                       0x08002181   Thumb Code   862  stm32f1xx_hal_pcd.o(i.PCD_EP_ISR_Handler)
    i.SysTick_Handler                        0x080024de   Section        0  stm32f1xx_it.o(i.SysTick_Handler)
    i.SystemClock_Config                     0x080024ec   Section        0  main.o(i.SystemClock_Config)
    i.SystemInit                             0x08002550   Section        0  system_stm32f1xx.o(i.SystemInit)
    i.USBD_CDC_DataIn                        0x08002598   Section        0  usbd_cdc.o(i.USBD_CDC_DataIn)
    USBD_CDC_DataIn                          0x08002599   Thumb Code    20  usbd_cdc.o(i.USBD_CDC_DataIn)
    i.USBD_CDC_DataOut                       0x080025ac   Section        0  usbd_cdc.o(i.USBD_CDC_DataOut)
    USBD_CDC_DataOut                         0x080025ad   Thumb Code    46  usbd_cdc.o(i.USBD_CDC_DataOut)
    i.USBD_CDC_DeInit                        0x080025da   Section        0  usbd_cdc.o(i.USBD_CDC_DeInit)
    USBD_CDC_DeInit                          0x080025db   Thumb Code    58  usbd_cdc.o(i.USBD_CDC_DeInit)
    i.USBD_CDC_EP0_RxReady                   0x08002614   Section        0  usbd_cdc.o(i.USBD_CDC_EP0_RxReady)
    USBD_CDC_EP0_RxReady                     0x08002615   Thumb Code    36  usbd_cdc.o(i.USBD_CDC_EP0_RxReady)
    i.USBD_CDC_GetDeviceQualifierDescriptor  0x08002638   Section        0  usbd_cdc.o(i.USBD_CDC_GetDeviceQualifierDescriptor)
    i.USBD_CDC_GetFSCfgDesc                  0x08002644   Section        0  usbd_cdc.o(i.USBD_CDC_GetFSCfgDesc)
    USBD_CDC_GetFSCfgDesc                    0x08002645   Thumb Code     8  usbd_cdc.o(i.USBD_CDC_GetFSCfgDesc)
    i.USBD_CDC_GetHSCfgDesc                  0x08002650   Section        0  usbd_cdc.o(i.USBD_CDC_GetHSCfgDesc)
    USBD_CDC_GetHSCfgDesc                    0x08002651   Thumb Code     8  usbd_cdc.o(i.USBD_CDC_GetHSCfgDesc)
    i.USBD_CDC_GetOtherSpeedCfgDesc          0x0800265c   Section        0  usbd_cdc.o(i.USBD_CDC_GetOtherSpeedCfgDesc)
    USBD_CDC_GetOtherSpeedCfgDesc            0x0800265d   Thumb Code     8  usbd_cdc.o(i.USBD_CDC_GetOtherSpeedCfgDesc)
    i.USBD_CDC_Init                          0x08002668   Section        0  usbd_cdc.o(i.USBD_CDC_Init)
    USBD_CDC_Init                            0x08002669   Thumb Code   136  usbd_cdc.o(i.USBD_CDC_Init)
    i.USBD_CDC_ReceivePacket                 0x080026f0   Section        0  usbd_cdc.o(i.USBD_CDC_ReceivePacket)
    i.USBD_CDC_RegisterInterface             0x08002718   Section        0  usbd_cdc.o(i.USBD_CDC_RegisterInterface)
    i.USBD_CDC_SetRxBuffer                   0x08002728   Section        0  usbd_cdc.o(i.USBD_CDC_SetRxBuffer)
    i.USBD_CDC_SetTxBuffer                   0x08002734   Section        0  usbd_cdc.o(i.USBD_CDC_SetTxBuffer)
    i.USBD_CDC_Setup                         0x08002744   Section        0  usbd_cdc.o(i.USBD_CDC_Setup)
    USBD_CDC_Setup                           0x08002745   Thumb Code    92  usbd_cdc.o(i.USBD_CDC_Setup)
    i.USBD_CDC_TransmitPacket                0x080027a0   Section        0  usbd_cdc.o(i.USBD_CDC_TransmitPacket)
    i.USBD_ClrClassConfig                    0x080027ce   Section        0  usbd_core.o(i.USBD_ClrClassConfig)
    i.USBD_CtlContinueRx                     0x080027dc   Section        0  usbd_ioreq.o(i.USBD_CtlContinueRx)
    i.USBD_CtlContinueSendData               0x080027ec   Section        0  usbd_ioreq.o(i.USBD_CtlContinueSendData)
    i.USBD_CtlError                          0x080027fc   Section        0  usbd_ctlreq.o(i.USBD_CtlError)
    i.USBD_CtlPrepareRx                      0x08002812   Section        0  usbd_ioreq.o(i.USBD_CtlPrepareRx)
    i.USBD_CtlReceiveStatus                  0x08002830   Section        0  usbd_ioreq.o(i.USBD_CtlReceiveStatus)
    i.USBD_CtlSendData                       0x08002846   Section        0  usbd_ioreq.o(i.USBD_CtlSendData)
    i.USBD_CtlSendStatus                     0x08002860   Section        0  usbd_ioreq.o(i.USBD_CtlSendStatus)
    i.USBD_FS_ConfigStrDescriptor            0x08002878   Section        0  usbd_desc.o(i.USBD_FS_ConfigStrDescriptor)
    i.USBD_FS_DeviceDescriptor               0x08002898   Section        0  usbd_desc.o(i.USBD_FS_DeviceDescriptor)
    i.USBD_FS_InterfaceStrDescriptor         0x080028a4   Section        0  usbd_desc.o(i.USBD_FS_InterfaceStrDescriptor)
    i.USBD_FS_LangIDStrDescriptor            0x080028c8   Section        0  usbd_desc.o(i.USBD_FS_LangIDStrDescriptor)
    i.USBD_FS_ManufacturerStrDescriptor      0x080028d4   Section        0  usbd_desc.o(i.USBD_FS_ManufacturerStrDescriptor)
    i.USBD_FS_ProductStrDescriptor           0x080028fc   Section        0  usbd_desc.o(i.USBD_FS_ProductStrDescriptor)
    i.USBD_FS_SerialStrDescriptor            0x08002928   Section        0  usbd_desc.o(i.USBD_FS_SerialStrDescriptor)
    i.USBD_GetDescriptor                     0x0800294c   Section        0  usbd_ctlreq.o(i.USBD_GetDescriptor)
    USBD_GetDescriptor                       0x0800294d   Thumb Code   226  usbd_ctlreq.o(i.USBD_GetDescriptor)
    i.USBD_GetString                         0x08002a2e   Section        0  usbd_ctlreq.o(i.USBD_GetString)
    i.USBD_Init                              0x08002a74   Section        0  usbd_core.o(i.USBD_Init)
    i.USBD_LL_ClearStallEP                   0x08002a9e   Section        0  usbd_conf.o(i.USBD_LL_ClearStallEP)
    i.USBD_LL_CloseEP                        0x08002aac   Section        0  usbd_conf.o(i.USBD_LL_CloseEP)
    i.USBD_LL_DataInStage                    0x08002aba   Section        0  usbd_core.o(i.USBD_LL_DataInStage)
    i.USBD_LL_DataOutStage                   0x08002b5a   Section        0  usbd_core.o(i.USBD_LL_DataOutStage)
    i.USBD_LL_GetRxDataSize                  0x08002bc4   Section        0  usbd_conf.o(i.USBD_LL_GetRxDataSize)
    i.USBD_LL_Init                           0x08002bcc   Section        0  usbd_conf.o(i.USBD_LL_Init)
    i.USBD_LL_IsStallEP                      0x08002c44   Section        0  usbd_conf.o(i.USBD_LL_IsStallEP)
    i.USBD_LL_OpenEP                         0x08002c60   Section        0  usbd_conf.o(i.USBD_LL_OpenEP)
    i.USBD_LL_PrepareReceive                 0x08002c74   Section        0  usbd_conf.o(i.USBD_LL_PrepareReceive)
    i.USBD_LL_Reset                          0x08002c82   Section        0  usbd_core.o(i.USBD_LL_Reset)
    i.USBD_LL_Resume                         0x08002cc0   Section        0  usbd_core.o(i.USBD_LL_Resume)
    i.USBD_LL_SOF                            0x08002ccc   Section        0  usbd_core.o(i.USBD_LL_SOF)
    i.USBD_LL_SetSpeed                       0x08002ce4   Section        0  usbd_core.o(i.USBD_LL_SetSpeed)
    i.USBD_LL_SetUSBAddress                  0x08002cea   Section        0  usbd_conf.o(i.USBD_LL_SetUSBAddress)
    i.USBD_LL_SetupStage                     0x08002cf8   Section        0  usbd_core.o(i.USBD_LL_SetupStage)
    i.USBD_LL_StallEP                        0x08002d52   Section        0  usbd_conf.o(i.USBD_LL_StallEP)
    i.USBD_LL_Start                          0x08002d60   Section        0  usbd_conf.o(i.USBD_LL_Start)
    i.USBD_LL_Suspend                        0x08002d6e   Section        0  usbd_core.o(i.USBD_LL_Suspend)
    i.USBD_LL_Transmit                       0x08002d7e   Section        0  usbd_conf.o(i.USBD_LL_Transmit)
    i.USBD_ParseSetupRequest                 0x08002d8c   Section        0  usbd_ctlreq.o(i.USBD_ParseSetupRequest)
    i.USBD_RegisterClass                     0x08002db4   Section        0  usbd_core.o(i.USBD_RegisterClass)
    i.USBD_SetClassConfig                    0x08002dc4   Section        0  usbd_core.o(i.USBD_SetClassConfig)
    i.USBD_SetConfig                         0x08002ddc   Section        0  usbd_ctlreq.o(i.USBD_SetConfig)
    USBD_SetConfig                           0x08002ddd   Thumb Code   110  usbd_ctlreq.o(i.USBD_SetConfig)
    i.USBD_Start                             0x08002e50   Section        0  usbd_core.o(i.USBD_Start)
    i.USBD_StdDevReq                         0x08002e5a   Section        0  usbd_ctlreq.o(i.USBD_StdDevReq)
    i.USBD_StdEPReq                          0x08002f5c   Section        0  usbd_ctlreq.o(i.USBD_StdEPReq)
    i.USBD_StdItfReq                         0x0800301e   Section        0  usbd_ctlreq.o(i.USBD_StdItfReq)
    i.USBD_static_free                       0x08003052   Section        0  usbd_conf.o(i.USBD_static_free)
    i.USBD_static_malloc                     0x08003058   Section        0  usbd_conf.o(i.USBD_static_malloc)
    i.USB_ActivateEndpoint                   0x08003060   Section        0  stm32f1xx_ll_usb.o(i.USB_ActivateEndpoint)
    i.USB_CoreInit                           0x080032c0   Section        0  stm32f1xx_ll_usb.o(i.USB_CoreInit)
    i.USB_DeactivateEndpoint                 0x080032c4   Section        0  stm32f1xx_ll_usb.o(i.USB_DeactivateEndpoint)
    i.USB_DevConnect                         0x080033e8   Section        0  stm32f1xx_ll_usb.o(i.USB_DevConnect)
    i.USB_DevDisconnect                      0x080033ec   Section        0  stm32f1xx_ll_usb.o(i.USB_DevDisconnect)
    i.USB_DevInit                            0x080033f0   Section        0  stm32f1xx_ll_usb.o(i.USB_DevInit)
    i.USB_DisableGlobalInt                   0x08003402   Section        0  stm32f1xx_ll_usb.o(i.USB_DisableGlobalInt)
    i.USB_EP0_OutStart                       0x08003410   Section        0  stm32f1xx_ll_usb.o(i.USB_EP0_OutStart)
    i.USB_EPClearStall                       0x08003414   Section        0  stm32f1xx_ll_usb.o(i.USB_EPClearStall)
    i.USB_EPSetStall                         0x0800347e   Section        0  stm32f1xx_ll_usb.o(i.USB_EPSetStall)
    i.USB_EPStartXfer                        0x080034c8   Section        0  stm32f1xx_ll_usb.o(i.USB_EPStartXfer)
    i.USB_EnableGlobalInt                    0x08003610   Section        0  stm32f1xx_ll_usb.o(i.USB_EnableGlobalInt)
    i.USB_LP_CAN1_RX0_IRQHandler             0x08003620   Section        0  stm32f1xx_it.o(i.USB_LP_CAN1_RX0_IRQHandler)
    i.USB_ReadInterrupts                     0x0800362c   Section        0  stm32f1xx_ll_usb.o(i.USB_ReadInterrupts)
    i.USB_ReadPMA                            0x08003634   Section        0  stm32f1xx_ll_usb.o(i.USB_ReadPMA)
    i.USB_SetCurrentMode                     0x08003652   Section        0  stm32f1xx_ll_usb.o(i.USB_SetCurrentMode)
    i.USB_SetDevAddress                      0x08003656   Section        0  stm32f1xx_ll_usb.o(i.USB_SetDevAddress)
    i.USB_WritePMA                           0x08003662   Section        0  stm32f1xx_ll_usb.o(i.USB_WritePMA)
    i.__0sprintf$1                           0x08003688   Section        0  printf1.o(i.__0sprintf$1)
    i.__scatterload_copy                     0x080036b0   Section       14  handlers.o(i.__scatterload_copy)
    i.__scatterload_null                     0x080036be   Section        2  handlers.o(i.__scatterload_null)
    i.__scatterload_zeroinit                 0x080036c0   Section       14  handlers.o(i.__scatterload_zeroinit)
    i._printf_core                           0x080036d0   Section        0  printf1.o(i._printf_core)
    _printf_core                             0x080036d1   Thumb Code   334  printf1.o(i._printf_core)
    i._sputc                                 0x08003824   Section        0  printf1.o(i._sputc)
    _sputc                                   0x08003825   Thumb Code    10  printf1.o(i._sputc)
    i.free                                   0x08003830   Section        0  malloc.o(i.free)
    i.main                                   0x08003880   Section        0  main.o(i.main)
    .constdata                               0x080039b0   Section       16  stm32f1xx_hal_rcc.o(.constdata)
    .data                                    0x20000000   Section        1  usbd_ctlreq.o(.data)
    cfgidx                                   0x20000000   Data           1  usbd_ctlreq.o(.data)
    .data                                    0x20000004   Section      215  usbd_cdc.o(.data)
    USBD_CDC_DeviceQualifierDesc             0x20000004   Data          10  usbd_cdc.o(.data)
    .data                                    0x200000dc   Section       56  usbd_cdc.o(.data)
    .data                                    0x20000114   Section       28  usbd_desc.o(.data)
    .data                                    0x20000130   Section       22  usbd_desc.o(.data)
    .data                                    0x20000148   Section       16  usbd_cdc_if.o(.data)
    .data                                    0x20000158   Section        4  usbd_cdc_if.o(.data)
    .data                                    0x2000015c   Section       20  system_stm32f1xx.o(.data)
    .data                                    0x20000170   Section        4  stm32f1xx_hal.o(.data)
    uwTick                                   0x20000170   Data           4  stm32f1xx_hal.o(.data)
    .data                                    0x20000174   Section        4  mvars.o(.data)
    .bss                                     0x20000178   Section      512  usbd_desc.o(.bss)
    .bss                                     0x20000378   Section     1730  main.o(.bss)
    .bss                                     0x20000a3c   Section     1596  usbd_conf.o(.bss)
    mem                                      0x20000a3c   Data         540  usbd_conf.o(.bss)
    .bss                                     0x20001078   Section      548  usb_device.o(.bss)
    .bss                                     0x2000129c   Section      128  usbd_cdc_if.o(.bss)
    STACK                                    0x20001320   Section     1024  startup_stm32f103xb.o(STACK)

    Global Symbols

    Symbol Name                              Value     Ov Type        Size  Object(Section)

    BuildAttributes$$THM_ISAv4$P$D$K$B$S$PE$A:L22UL41UL21$X:L11$S22US41US21$IEEE1$IW$USESV6$~STKCKD$USESV7$~SHL$OSPACE$ROPI$EBA8$MICROLIB$REQ8$PRES8$EABIv2 0x00000000   Number         0  anon$$obj.o ABSOLUTE
    __ARM_use_no_argv                        0x00000000   Number         0  main.o ABSOLUTE
    _printf_a                                0x00000000   Number         0  stubs.o ABSOLUTE
    _printf_c                                0x00000000   Number         0  stubs.o ABSOLUTE
    _printf_charcount                        0x00000000   Number         0  stubs.o ABSOLUTE
    _printf_d                                0x00000000   Number         0  stubs.o ABSOLUTE
    _printf_e                                0x00000000   Number         0  stubs.o ABSOLUTE
    _printf_f                                0x00000000   Number         0  stubs.o ABSOLUTE
    _printf_flags                            0x00000000   Number         0  stubs.o ABSOLUTE
    _printf_fp_dec                           0x00000000   Number         0  stubs.o ABSOLUTE
    _printf_fp_hex                           0x00000000   Number         0  stubs.o ABSOLUTE
    _printf_g                                0x00000000   Number         0  stubs.o ABSOLUTE
    _printf_i                                0x00000000   Number         0  stubs.o ABSOLUTE
    _printf_int_dec                          0x00000000   Number         0  stubs.o ABSOLUTE
    _printf_l                                0x00000000   Number         0  stubs.o ABSOLUTE
    _printf_lc                               0x00000000   Number         0  stubs.o ABSOLUTE
    _printf_ll                               0x00000000   Number         0  stubs.o ABSOLUTE
    _printf_lld                              0x00000000   Number         0  stubs.o ABSOLUTE
    _printf_lli                              0x00000000   Number         0  stubs.o ABSOLUTE
    _printf_llo                              0x00000000   Number         0  stubs.o ABSOLUTE
    _printf_llu                              0x00000000   Number         0  stubs.o ABSOLUTE
    _printf_llx                              0x00000000   Number         0  stubs.o ABSOLUTE
    _printf_longlong_dec                     0x00000000   Number         0  stubs.o ABSOLUTE
    _printf_longlong_hex                     0x00000000   Number         0  stubs.o ABSOLUTE
    _printf_longlong_oct                     0x00000000   Number         0  stubs.o ABSOLUTE
    _printf_ls                               0x00000000   Number         0  stubs.o ABSOLUTE
    _printf_mbtowc                           0x00000000   Number         0  stubs.o ABSOLUTE
    _printf_n                                0x00000000   Number         0  stubs.o ABSOLUTE
    _printf_o                                0x00000000   Number         0  stubs.o ABSOLUTE
    _printf_p                                0x00000000   Number         0  stubs.o ABSOLUTE
    _printf_percent                          0x00000000   Number         0  stubs.o ABSOLUTE
    _printf_pre_padding                      0x00000000   Number         0  stubs.o ABSOLUTE
    _printf_return_value                     0x00000000   Number         0  stubs.o ABSOLUTE
    _printf_s                                0x00000000   Number         0  stubs.o ABSOLUTE
    _printf_sizespec                         0x00000000   Number         0  stubs.o ABSOLUTE
    _printf_str                              0x00000000   Number         0  stubs.o ABSOLUTE
    _printf_truncate_signed                  0x00000000   Number         0  stubs.o ABSOLUTE
    _printf_truncate_unsigned                0x00000000   Number         0  stubs.o ABSOLUTE
    _printf_u                                0x00000000   Number         0  stubs.o ABSOLUTE
    _printf_wc                               0x00000000   Number         0  stubs.o ABSOLUTE
    _printf_wctomb                           0x00000000   Number         0  stubs.o ABSOLUTE
    _printf_widthprec                        0x00000000   Number         0  stubs.o ABSOLUTE
    _printf_x                                0x00000000   Number         0  stubs.o ABSOLUTE
    __cpp_initialize__aeabi_                  - Undefined Weak Reference
    __cxa_finalize                            - Undefined Weak Reference
    _clock_init                               - Undefined Weak Reference
    _microlib_exit                            - Undefined Weak Reference
    __Vectors_Size                           0x000000ec   Number         0  startup_stm32f103xb.o ABSOLUTE
    __Vectors                                0x08000000   Data           4  startup_stm32f103xb.o(RESET)
    __Vectors_End                            0x080000ec   Data           0  startup_stm32f103xb.o(RESET)
    __main                                   0x080000ed   Thumb Code     0  entry.o(.ARM.Collect$$$$00000000)
    _main_stk                                0x080000ed   Thumb Code     0  entry2.o(.ARM.Collect$$$$00000001)
    _main_scatterload                        0x080000f1   Thumb Code     0  entry5.o(.ARM.Collect$$$$00000004)
    __main_after_scatterload                 0x080000f5   Thumb Code     0  entry5.o(.ARM.Collect$$$$00000004)
    _main_clock                              0x080000f5   Thumb Code     0  entry7b.o(.ARM.Collect$$$$00000008)
    _main_cpp_init                           0x080000f5   Thumb Code     0  entry8b.o(.ARM.Collect$$$$0000000A)
    _main_init                               0x080000f5   Thumb Code     0  entry9a.o(.ARM.Collect$$$$0000000B)
    __rt_final_cpp                           0x080000fd   Thumb Code     0  entry10a.o(.ARM.Collect$$$$0000000D)
    __rt_final_exit                          0x080000fd   Thumb Code     0  entry11a.o(.ARM.Collect$$$$0000000F)
    Reset_Handler                            0x08000101   Thumb Code     8  startup_stm32f103xb.o(.text)
    NMI_Handler                              0x08000109   Thumb Code     2  startup_stm32f103xb.o(.text)
    HardFault_Handler                        0x0800010b   Thumb Code     2  startup_stm32f103xb.o(.text)
    MemManage_Handler                        0x0800010d   Thumb Code     2  startup_stm32f103xb.o(.text)
    BusFault_Handler                         0x0800010f   Thumb Code     2  startup_stm32f103xb.o(.text)
    UsageFault_Handler                       0x08000111   Thumb Code     2  startup_stm32f103xb.o(.text)
    SVC_Handler                              0x08000113   Thumb Code     2  startup_stm32f103xb.o(.text)
    DebugMon_Handler                         0x08000115   Thumb Code     2  startup_stm32f103xb.o(.text)
    PendSV_Handler                           0x08000117   Thumb Code     2  startup_stm32f103xb.o(.text)
    ADC1_2_IRQHandler                        0x0800011b   Thumb Code     0  startup_stm32f103xb.o(.text)
    CAN1_RX1_IRQHandler                      0x0800011b   Thumb Code     0  startup_stm32f103xb.o(.text)
    CAN1_SCE_IRQHandler                      0x0800011b   Thumb Code     0  startup_stm32f103xb.o(.text)
    DMA1_Channel2_IRQHandler                 0x0800011b   Thumb Code     0  startup_stm32f103xb.o(.text)
    DMA1_Channel3_IRQHandler                 0x0800011b   Thumb Code     0  startup_stm32f103xb.o(.text)
    DMA1_Channel4_IRQHandler                 0x0800011b   Thumb Code     0  startup_stm32f103xb.o(.text)
    DMA1_Channel5_IRQHandler                 0x0800011b   Thumb Code     0  startup_stm32f103xb.o(.text)
    DMA1_Channel6_IRQHandler                 0x0800011b   Thumb Code     0  startup_stm32f103xb.o(.text)
    DMA1_Channel7_IRQHandler                 0x0800011b   Thumb Code     0  startup_stm32f103xb.o(.text)
    EXTI0_IRQHandler                         0x0800011b   Thumb Code     0  startup_stm32f103xb.o(.text)
    EXTI15_10_IRQHandler                     0x0800011b   Thumb Code     0  startup_stm32f103xb.o(.text)
    EXTI1_IRQHandler                         0x0800011b   Thumb Code     0  startup_stm32f103xb.o(.text)
    EXTI2_IRQHandler                         0x0800011b   Thumb Code     0  startup_stm32f103xb.o(.text)
    EXTI3_IRQHandler                         0x0800011b   Thumb Code     0  startup_stm32f103xb.o(.text)
    EXTI4_IRQHandler                         0x0800011b   Thumb Code     0  startup_stm32f103xb.o(.text)
    EXTI9_5_IRQHandler                       0x0800011b   Thumb Code     0  startup_stm32f103xb.o(.text)
    FLASH_IRQHandler                         0x0800011b   Thumb Code     0  startup_stm32f103xb.o(.text)
    I2C1_ER_IRQHandler                       0x0800011b   Thumb Code     0  startup_stm32f103xb.o(.text)
    I2C1_EV_IRQHandler                       0x0800011b   Thumb Code     0  startup_stm32f103xb.o(.text)
    I2C2_ER_IRQHandler                       0x0800011b   Thumb Code     0  startup_stm32f103xb.o(.text)
    I2C2_EV_IRQHandler                       0x0800011b   Thumb Code     0  startup_stm32f103xb.o(.text)
    PVD_IRQHandler                           0x0800011b   Thumb Code     0  startup_stm32f103xb.o(.text)
    RCC_IRQHandler                           0x0800011b   Thumb Code     0  startup_stm32f103xb.o(.text)
    RTC_Alarm_IRQHandler                     0x0800011b   Thumb Code     0  startup_stm32f103xb.o(.text)
    RTC_IRQHandler                           0x0800011b   Thumb Code     0  startup_stm32f103xb.o(.text)
    SPI1_IRQHandler                          0x0800011b   Thumb Code     0  startup_stm32f103xb.o(.text)
    SPI2_IRQHandler                          0x0800011b   Thumb Code     0  startup_stm32f103xb.o(.text)
    TAMPER_IRQHandler                        0x0800011b   Thumb Code     0  startup_stm32f103xb.o(.text)
    TIM1_BRK_IRQHandler                      0x0800011b   Thumb Code     0  startup_stm32f103xb.o(.text)
    TIM1_CC_IRQHandler                       0x0800011b   Thumb Code     0  startup_stm32f103xb.o(.text)
    TIM1_TRG_COM_IRQHandler                  0x0800011b   Thumb Code     0  startup_stm32f103xb.o(.text)
    TIM1_UP_IRQHandler                       0x0800011b   Thumb Code     0  startup_stm32f103xb.o(.text)
    TIM2_IRQHandler                          0x0800011b   Thumb Code     0  startup_stm32f103xb.o(.text)
    TIM3_IRQHandler                          0x0800011b   Thumb Code     0  startup_stm32f103xb.o(.text)
    TIM4_IRQHandler                          0x0800011b   Thumb Code     0  startup_stm32f103xb.o(.text)
    USART1_IRQHandler                        0x0800011b   Thumb Code     0  startup_stm32f103xb.o(.text)
    USART2_IRQHandler                        0x0800011b   Thumb Code     0  startup_stm32f103xb.o(.text)
    USART3_IRQHandler                        0x0800011b   Thumb Code     0  startup_stm32f103xb.o(.text)
    USBWakeUp_IRQHandler                     0x0800011b   Thumb Code     0  startup_stm32f103xb.o(.text)
    USB_HP_CAN1_TX_IRQHandler                0x0800011b   Thumb Code     0  startup_stm32f103xb.o(.text)
    WWDG_IRQHandler                          0x0800011b   Thumb Code     0  startup_stm32f103xb.o(.text)
    __aeabi_memcpy                           0x08000125   Thumb Code    36  memcpya.o(.text)
    __aeabi_memcpy4                          0x08000125   Thumb Code     0  memcpya.o(.text)
    __aeabi_memcpy8                          0x08000125   Thumb Code     0  memcpya.o(.text)
    strlen                                   0x08000149   Thumb Code    14  strlen.o(.text)
    __aeabi_uidiv                            0x08000157   Thumb Code     0  uidiv.o(.text)
    __aeabi_uidivmod                         0x08000157   Thumb Code    44  uidiv.o(.text)
    __scatterload                            0x08000185   Thumb Code    28  init.o(.text)
    __scatterload_rt2                        0x08000185   Thumb Code     0  init.o(.text)
    __decompress                             0x080001a9   Thumb Code     0  __dczerorl2.o(.text)
    __decompress1                            0x080001a9   Thumb Code    92  __dczerorl2.o(.text)
    ADC_ConversionStop_Disable               0x08000205   Thumb Code    74  stm32f1xx_hal_adc.o(i.ADC_ConversionStop_Disable)
    ADC_DMAConvCplt                          0x0800024f   Thumb Code    58  stm32f1xx_hal_adc.o(i.ADC_DMAConvCplt)
    ADC_DMAError                             0x08000289   Thumb Code    24  stm32f1xx_hal_adc.o(i.ADC_DMAError)
    ADC_DMAHalfConvCplt                      0x080002a1   Thumb Code    10  stm32f1xx_hal_adc.o(i.ADC_DMAHalfConvCplt)
    ADC_Enable                               0x080002ad   Thumb Code   100  stm32f1xx_hal_adc.o(i.ADC_Enable)
    CDC_Transmit_FS                          0x08000369   Thumb Code    24  usbd_cdc_if.o(i.CDC_Transmit_FS)
    DMA1_Channel1_IRQHandler                 0x08000385   Thumb Code     6  stm32f1xx_it.o(i.DMA1_Channel1_IRQHandler)
    HAL_ADC_ConfigChannel                    0x080003b1   Thumb Code   344  stm32f1xx_hal_adc.o(i.HAL_ADC_ConfigChannel)
    HAL_ADC_ConvCpltCallback                 0x08000515   Thumb Code     2  stm32f1xx_hal_adc.o(i.HAL_ADC_ConvCpltCallback)
    HAL_ADC_ConvHalfCpltCallback             0x08000517   Thumb Code     2  stm32f1xx_hal_adc.o(i.HAL_ADC_ConvHalfCpltCallback)
    HAL_ADC_ErrorCallback                    0x08000519   Thumb Code     2  stm32f1xx_hal_adc.o(i.HAL_ADC_ErrorCallback)
    HAL_ADC_Init                             0x0800051d   Thumb Code   256  stm32f1xx_hal_adc.o(i.HAL_ADC_Init)
    HAL_ADC_MspInit                          0x08000625   Thumb Code    90  stm32f1xx_hal_msp.o(i.HAL_ADC_MspInit)
    HAL_ADC_Start                            0x08000695   Thumb Code   128  stm32f1xx_hal_adc.o(i.HAL_ADC_Start)
    HAL_ADC_Start_DMA                        0x0800071d   Thumb Code   188  stm32f1xx_hal_adc.o(i.HAL_ADC_Start_DMA)
    HAL_ADC_Stop                             0x080007ed   Thumb Code    44  stm32f1xx_hal_adc.o(i.HAL_ADC_Stop)
    HAL_ADC_Stop_DMA                         0x08000819   Thumb Code    72  stm32f1xx_hal_adc.o(i.HAL_ADC_Stop_DMA)
    HAL_DMA_Abort                            0x08000861   Thumb Code    82  stm32f1xx_hal_dma.o(i.HAL_DMA_Abort)
    HAL_DMA_IRQHandler                       0x080008b5   Thumb Code   616  stm32f1xx_hal_dma.o(i.HAL_DMA_IRQHandler)
    HAL_DMA_Init                             0x08000b21   Thumb Code    80  stm32f1xx_hal_dma.o(i.HAL_DMA_Init)
    HAL_DMA_PollForTransfer                  0x08000b71   Thumb Code   562  stm32f1xx_hal_dma.o(i.HAL_DMA_PollForTransfer)
    HAL_DMA_Start_IT                         0x08000da9   Thumb Code    88  stm32f1xx_hal_dma.o(i.HAL_DMA_Start_IT)
    HAL_Delay                                0x08000e01   Thumb Code    22  stm32f1xx_hal.o(i.HAL_Delay)
    HAL_GPIO_Init                            0x08000e19   Thumb Code   436  stm32f1xx_hal_gpio.o(i.HAL_GPIO_Init)
    HAL_GetTick                              0x08000ff1   Thumb Code     6  stm32f1xx_hal.o(i.HAL_GetTick)
    HAL_IncTick                              0x08000ffd   Thumb Code    10  stm32f1xx_hal.o(i.HAL_IncTick)
    HAL_Init                                 0x0800100d   Thumb Code    32  stm32f1xx_hal.o(i.HAL_Init)
    HAL_InitTick                             0x08001031   Thumb Code    34  stm32f1xx_hal.o(i.HAL_InitTick)
    HAL_MspInit                              0x08001055   Thumb Code    52  stm32f1xx_hal_msp.o(i.HAL_MspInit)
    HAL_NVIC_EnableIRQ                       0x08001091   Thumb Code    24  stm32f1xx_hal_cortex.o(i.HAL_NVIC_EnableIRQ)
    HAL_NVIC_SetPriority                     0x080010a9   Thumb Code    60  stm32f1xx_hal_cortex.o(i.HAL_NVIC_SetPriority)
    HAL_NVIC_SetPriorityGrouping             0x080010e9   Thumb Code    26  stm32f1xx_hal_cortex.o(i.HAL_NVIC_SetPriorityGrouping)
    HAL_PCDEx_PMAConfig                      0x0800110d   Thumb Code    52  stm32f1xx_hal_pcd_ex.o(i.HAL_PCDEx_PMAConfig)
    HAL_PCDEx_SetConnectionState             0x08001141   Thumb Code     2  usbd_conf.o(i.HAL_PCDEx_SetConnectionState)
    HAL_PCD_DataInStageCallback              0x08001143   Thumb Code    14  usbd_conf.o(i.HAL_PCD_DataInStageCallback)
    HAL_PCD_DataOutStageCallback             0x08001151   Thumb Code    16  usbd_conf.o(i.HAL_PCD_DataOutStageCallback)
    HAL_PCD_EP_Close                         0x08001161   Thumb Code    64  stm32f1xx_hal_pcd.o(i.HAL_PCD_EP_Close)
    HAL_PCD_EP_ClrStall                      0x080011a1   Thumb Code    72  stm32f1xx_hal_pcd.o(i.HAL_PCD_EP_ClrStall)
    HAL_PCD_EP_GetRxCount                    0x080011e9   Thumb Code    16  stm32f1xx_hal_pcd.o(i.HAL_PCD_EP_GetRxCount)
    HAL_PCD_EP_Open                          0x080011f9   Thumb Code    68  stm32f1xx_hal_pcd.o(i.HAL_PCD_EP_Open)
    HAL_PCD_EP_Receive                       0x0800123d   Thumb Code    66  stm32f1xx_hal_pcd.o(i.HAL_PCD_EP_Receive)
    HAL_PCD_EP_SetStall                      0x0800127f   Thumb Code    86  stm32f1xx_hal_pcd.o(i.HAL_PCD_EP_SetStall)
    HAL_PCD_EP_Transmit                      0x080012d5   Thumb Code    64  stm32f1xx_hal_pcd.o(i.HAL_PCD_EP_Transmit)
    HAL_PCD_IRQHandler                       0x08001315   Thumb Code   266  stm32f1xx_hal_pcd.o(i.HAL_PCD_IRQHandler)
    HAL_PCD_Init                             0x08001421   Thumb Code   188  stm32f1xx_hal_pcd.o(i.HAL_PCD_Init)
    HAL_PCD_MspInit                          0x080014dd   Thumb Code    50  usbd_conf.o(i.HAL_PCD_MspInit)
    HAL_PCD_ResetCallback                    0x08001519   Thumb Code    26  usbd_conf.o(i.HAL_PCD_ResetCallback)
    HAL_PCD_ResumeCallback                   0x08001533   Thumb Code     8  usbd_conf.o(i.HAL_PCD_ResumeCallback)
    HAL_PCD_SOFCallback                      0x0800153b   Thumb Code     8  usbd_conf.o(i.HAL_PCD_SOFCallback)
    HAL_PCD_SetAddress                       0x08001543   Thumb Code    40  stm32f1xx_hal_pcd.o(i.HAL_PCD_SetAddress)
    HAL_PCD_SetupStageCallback               0x0800156b   Thumb Code    14  usbd_conf.o(i.HAL_PCD_SetupStageCallback)
    HAL_PCD_Start                            0x08001579   Thumb Code    50  stm32f1xx_hal_pcd.o(i.HAL_PCD_Start)
    HAL_PCD_SuspendCallback                  0x080015ad   Thumb Code    30  usbd_conf.o(i.HAL_PCD_SuspendCallback)
    HAL_RCCEx_PeriphCLKConfig                0x080015d1   Thumb Code   278  stm32f1xx_hal_rcc_ex.o(i.HAL_RCCEx_PeriphCLKConfig)
    HAL_RCC_ClockConfig                      0x080016f5   Thumb Code   638  stm32f1xx_hal_rcc_ex.o(i.HAL_RCC_ClockConfig)
    HAL_RCC_GetHCLKFreq                      0x0800197d   Thumb Code    38  stm32f1xx_hal_rcc.o(i.HAL_RCC_GetHCLKFreq)
    HAL_RCC_GetSysClockFreq                  0x080019b1   Thumb Code   112  stm32f1xx_hal_rcc.o(i.HAL_RCC_GetSysClockFreq)
    HAL_RCC_OscConfig                        0x08001a41   Thumb Code  1694  stm32f1xx_hal_rcc.o(i.HAL_RCC_OscConfig)
    HAL_SYSTICK_CLKSourceConfig              0x080020df   Thumb Code    24  stm32f1xx_hal_cortex.o(i.HAL_SYSTICK_CLKSourceConfig)
    HAL_SYSTICK_Callback                     0x080020f7   Thumb Code     2  stm32f1xx_hal_cortex.o(i.HAL_SYSTICK_Callback)
    HAL_SYSTICK_Config                       0x080020f9   Thumb Code    40  stm32f1xx_hal_cortex.o(i.HAL_SYSTICK_Config)
    HAL_SYSTICK_IRQHandler                   0x08002121   Thumb Code     8  stm32f1xx_hal_cortex.o(i.HAL_SYSTICK_IRQHandler)
    MX_USB_DEVICE_Init                       0x08002129   Thumb Code    38  usb_device.o(i.MX_USB_DEVICE_Init)
    SysTick_Handler                          0x080024df   Thumb Code    14  stm32f1xx_it.o(i.SysTick_Handler)
    SystemClock_Config                       0x080024ed   Thumb Code    98  main.o(i.SystemClock_Config)
    SystemInit                               0x08002551   Thumb Code    56  system_stm32f1xx.o(i.SystemInit)
    USBD_CDC_GetDeviceQualifierDescriptor    0x08002639   Thumb Code     8  usbd_cdc.o(i.USBD_CDC_GetDeviceQualifierDescriptor)
    USBD_CDC_ReceivePacket                   0x080026f1   Thumb Code    40  usbd_cdc.o(i.USBD_CDC_ReceivePacket)
    USBD_CDC_RegisterInterface               0x08002719   Thumb Code    16  usbd_cdc.o(i.USBD_CDC_RegisterInterface)
    USBD_CDC_SetRxBuffer                     0x08002729   Thumb Code    12  usbd_cdc.o(i.USBD_CDC_SetRxBuffer)
    USBD_CDC_SetTxBuffer                     0x08002735   Thumb Code    16  usbd_cdc.o(i.USBD_CDC_SetTxBuffer)
    USBD_CDC_TransmitPacket                  0x080027a1   Thumb Code    46  usbd_cdc.o(i.USBD_CDC_TransmitPacket)
    USBD_ClrClassConfig                      0x080027cf   Thumb Code    14  usbd_core.o(i.USBD_ClrClassConfig)
    USBD_CtlContinueRx                       0x080027dd   Thumb Code    16  usbd_ioreq.o(i.USBD_CtlContinueRx)
    USBD_CtlContinueSendData                 0x080027ed   Thumb Code    16  usbd_ioreq.o(i.USBD_CtlContinueSendData)
    USBD_CtlError                            0x080027fd   Thumb Code    22  usbd_ctlreq.o(i.USBD_CtlError)
    USBD_CtlPrepareRx                        0x08002813   Thumb Code    30  usbd_ioreq.o(i.USBD_CtlPrepareRx)
    USBD_CtlReceiveStatus                    0x08002831   Thumb Code    22  usbd_ioreq.o(i.USBD_CtlReceiveStatus)
    USBD_CtlSendData                         0x08002847   Thumb Code    26  usbd_ioreq.o(i.USBD_CtlSendData)
    USBD_CtlSendStatus                       0x08002861   Thumb Code    22  usbd_ioreq.o(i.USBD_CtlSendStatus)
    USBD_FS_ConfigStrDescriptor              0x08002879   Thumb Code    16  usbd_desc.o(i.USBD_FS_ConfigStrDescriptor)
    USBD_FS_DeviceDescriptor                 0x08002899   Thumb Code     8  usbd_desc.o(i.USBD_FS_DeviceDescriptor)
    USBD_FS_InterfaceStrDescriptor           0x080028a5   Thumb Code    16  usbd_desc.o(i.USBD_FS_InterfaceStrDescriptor)
    USBD_FS_LangIDStrDescriptor              0x080028c9   Thumb Code     8  usbd_desc.o(i.USBD_FS_LangIDStrDescriptor)
    USBD_FS_ManufacturerStrDescriptor        0x080028d5   Thumb Code    16  usbd_desc.o(i.USBD_FS_ManufacturerStrDescriptor)
    USBD_FS_ProductStrDescriptor             0x080028fd   Thumb Code    16  usbd_desc.o(i.USBD_FS_ProductStrDescriptor)
    USBD_FS_SerialStrDescriptor              0x08002929   Thumb Code    16  usbd_desc.o(i.USBD_FS_SerialStrDescriptor)
    USBD_GetString                           0x08002a2f   Thumb Code    70  usbd_ctlreq.o(i.USBD_GetString)
    USBD_Init                                0x08002a75   Thumb Code    42  usbd_core.o(i.USBD_Init)
    USBD_LL_ClearStallEP                     0x08002a9f   Thumb Code    14  usbd_conf.o(i.USBD_LL_ClearStallEP)
    USBD_LL_CloseEP                          0x08002aad   Thumb Code    14  usbd_conf.o(i.USBD_LL_CloseEP)
    USBD_LL_DataInStage                      0x08002abb   Thumb Code   160  usbd_core.o(i.USBD_LL_DataInStage)
    USBD_LL_DataOutStage                     0x08002b5b   Thumb Code   106  usbd_core.o(i.USBD_LL_DataOutStage)
    USBD_LL_GetRxDataSize                    0x08002bc5   Thumb Code     8  usbd_conf.o(i.USBD_LL_GetRxDataSize)
    USBD_LL_Init                             0x08002bcd   Thumb Code   112  usbd_conf.o(i.USBD_LL_Init)
    USBD_LL_IsStallEP                        0x08002c45   Thumb Code    28  usbd_conf.o(i.USBD_LL_IsStallEP)
    USBD_LL_OpenEP                           0x08002c61   Thumb Code    20  usbd_conf.o(i.USBD_LL_OpenEP)
    USBD_LL_PrepareReceive                   0x08002c75   Thumb Code    14  usbd_conf.o(i.USBD_LL_PrepareReceive)
    USBD_LL_Reset                            0x08002c83   Thumb Code    62  usbd_core.o(i.USBD_LL_Reset)
    USBD_LL_Resume                           0x08002cc1   Thumb Code    12  usbd_core.o(i.USBD_LL_Resume)
    USBD_LL_SOF                              0x08002ccd   Thumb Code    24  usbd_core.o(i.USBD_LL_SOF)
    USBD_LL_SetSpeed                         0x08002ce5   Thumb Code     6  usbd_core.o(i.USBD_LL_SetSpeed)
    USBD_LL_SetUSBAddress                    0x08002ceb   Thumb Code    14  usbd_conf.o(i.USBD_LL_SetUSBAddress)
    USBD_LL_SetupStage                       0x08002cf9   Thumb Code    90  usbd_core.o(i.USBD_LL_SetupStage)
    USBD_LL_StallEP                          0x08002d53   Thumb Code    14  usbd_conf.o(i.USBD_LL_StallEP)
    USBD_LL_Start                            0x08002d61   Thumb Code    14  usbd_conf.o(i.USBD_LL_Start)
    USBD_LL_Suspend                          0x08002d6f   Thumb Code    16  usbd_core.o(i.USBD_LL_Suspend)
    USBD_LL_Transmit                         0x08002d7f   Thumb Code    14  usbd_conf.o(i.USBD_LL_Transmit)
    USBD_ParseSetupRequest                   0x08002d8d   Thumb Code    40  usbd_ctlreq.o(i.USBD_ParseSetupRequest)
    USBD_RegisterClass                       0x08002db5   Thumb Code    16  usbd_core.o(i.USBD_RegisterClass)
    USBD_SetClassConfig                      0x08002dc5   Thumb Code    22  usbd_core.o(i.USBD_SetClassConfig)
    USBD_Start                               0x08002e51   Thumb Code    10  usbd_core.o(i.USBD_Start)
    USBD_StdDevReq                           0x08002e5b   Thumb Code   258  usbd_ctlreq.o(i.USBD_StdDevReq)
    USBD_StdEPReq                            0x08002f5d   Thumb Code   194  usbd_ctlreq.o(i.USBD_StdEPReq)
    USBD_StdItfReq                           0x0800301f   Thumb Code    52  usbd_ctlreq.o(i.USBD_StdItfReq)
    USBD_static_free                         0x08003053   Thumb Code     4  usbd_conf.o(i.USBD_static_free)
    USBD_static_malloc                       0x08003059   Thumb Code     4  usbd_conf.o(i.USBD_static_malloc)
    USB_ActivateEndpoint                     0x08003061   Thumb Code   608  stm32f1xx_ll_usb.o(i.USB_ActivateEndpoint)
    USB_CoreInit                             0x080032c1   Thumb Code     4  stm32f1xx_ll_usb.o(i.USB_CoreInit)
    USB_DeactivateEndpoint                   0x080032c5   Thumb Code   292  stm32f1xx_ll_usb.o(i.USB_DeactivateEndpoint)
    USB_DevConnect                           0x080033e9   Thumb Code     4  stm32f1xx_ll_usb.o(i.USB_DevConnect)
    USB_DevDisconnect                        0x080033ed   Thumb Code     4  stm32f1xx_ll_usb.o(i.USB_DevDisconnect)
    USB_DevInit                              0x080033f1   Thumb Code    18  stm32f1xx_ll_usb.o(i.USB_DevInit)
    USB_DisableGlobalInt                     0x08003403   Thumb Code    14  stm32f1xx_ll_usb.o(i.USB_DisableGlobalInt)
    USB_EP0_OutStart                         0x08003411   Thumb Code     4  stm32f1xx_ll_usb.o(i.USB_EP0_OutStart)
    USB_EPClearStall                         0x08003415   Thumb Code   106  stm32f1xx_ll_usb.o(i.USB_EPClearStall)
    USB_EPSetStall                           0x0800347f   Thumb Code    74  stm32f1xx_ll_usb.o(i.USB_EPSetStall)
    USB_EPStartXfer                          0x080034c9   Thumb Code   328  stm32f1xx_ll_usb.o(i.USB_EPStartXfer)
    USB_EnableGlobalInt                      0x08003611   Thumb Code    14  stm32f1xx_ll_usb.o(i.USB_EnableGlobalInt)
    USB_LP_CAN1_RX0_IRQHandler               0x08003621   Thumb Code     6  stm32f1xx_it.o(i.USB_LP_CAN1_RX0_IRQHandler)
    USB_ReadInterrupts                       0x0800362d   Thumb Code     6  stm32f1xx_ll_usb.o(i.USB_ReadInterrupts)
    USB_ReadPMA                              0x08003635   Thumb Code    30  stm32f1xx_ll_usb.o(i.USB_ReadPMA)
    USB_SetCurrentMode                       0x08003653   Thumb Code     4  stm32f1xx_ll_usb.o(i.USB_SetCurrentMode)
    USB_SetDevAddress                        0x08003657   Thumb Code    12  stm32f1xx_ll_usb.o(i.USB_SetDevAddress)
    USB_WritePMA                             0x08003663   Thumb Code    36  stm32f1xx_ll_usb.o(i.USB_WritePMA)
    __0sprintf$1                             0x08003689   Thumb Code    34  printf1.o(i.__0sprintf$1)
    __1sprintf$1                             0x08003689   Thumb Code     0  printf1.o(i.__0sprintf$1)
    __2sprintf                               0x08003689   Thumb Code     0  printf1.o(i.__0sprintf$1)
    __scatterload_copy                       0x080036b1   Thumb Code    14  handlers.o(i.__scatterload_copy)
    __scatterload_null                       0x080036bf   Thumb Code     2  handlers.o(i.__scatterload_null)
    __scatterload_zeroinit                   0x080036c1   Thumb Code    14  handlers.o(i.__scatterload_zeroinit)
    free                                     0x08003831   Thumb Code    76  malloc.o(i.free)
    main                                     0x08003881   Thumb Code   278  main.o(i.main)
    aAPBAHBPrescTable                        0x080039b0   Data          16  stm32f1xx_hal_rcc.o(.constdata)
    Region$$Table$$Base                      0x080039c0   Number         0  anon$$obj.o(Region$$Table)
    Region$$Table$$Limit                     0x080039e0   Number         0  anon$$obj.o(Region$$Table)
    USBD_CDC_CfgHSDesc                       0x20000010   Data          67  usbd_cdc.o(.data)
    USBD_CDC_CfgFSDesc                       0x20000054   Data          67  usbd_cdc.o(.data)
    USBD_CDC_OtherSpeedCfgDesc               0x20000098   Data          67  usbd_cdc.o(.data)
    USBD_CDC                                 0x200000dc   Data          56  usbd_cdc.o(.data)
    FS_Desc                                  0x20000114   Data          28  usbd_desc.o(.data)
    USBD_LangIDDesc                          0x20000130   Data           4  usbd_desc.o(.data)
    USBD_FS_DeviceDesc                       0x20000134   Data          18  usbd_desc.o(.data)
    USBD_Interface_fops_FS                   0x20000148   Data          16  usbd_cdc_if.o(.data)
    hUsbDevice_0                             0x20000158   Data           4  usbd_cdc_if.o(.data)
    SystemCoreClock                          0x2000015c   Data           4  system_stm32f1xx.o(.data)
    AHBPrescTable                            0x20000160   Data          16  system_stm32f1xx.o(.data)
    __microlib_freelist                      0x20000174   Data           4  mvars.o(.data)
    USBD_StrDesc                             0x20000178   Data         512  usbd_desc.o(.bss)
    hadc1                                    0x20000378   Data          48  main.o(.bss)
    hdma_adc1                                0x200003a8   Data          56  main.o(.bss)
    buf                                      0x200003e0   Data          25  main.o(.bss)
    adc_res                                  0x200003fa   Data        1600  main.o(.bss)
    hpcd_USB_FS                              0x20000c58   Data        1056  usbd_conf.o(.bss)
    hUsbDeviceFS                             0x20001078   Data         548  usb_device.o(.bss)
    UserRxBufferFS                           0x2000129c   Data          64  usbd_cdc_if.o(.bss)
    UserTxBufferFS                           0x200012dc   Data          64  usbd_cdc_if.o(.bss)
    __initial_sp                             0x20001720   Data           0  startup_stm32f103xb.o(STACK)



==============================================================================

Memory Map of the image

  Image Entry point : 0x080000ed

  Load Region LR_IROM1 (Base: 0x08000000, Size: 0x00003b58, Max: 0x00010000, ABSOLUTE, COMPRESSED[0x00003aa4])

    Execution Region ER_IROM1 (Base: 0x08000000, Size: 0x000039e0, Max: 0x00010000, ABSOLUTE)

    Base Addr    Size         Type   Attr      Idx    E Section Name        Object

    0x08000000   0x000000ec   Data   RO         2620    RESET               startup_stm32f103xb.o
    0x080000ec   0x00000000   Code   RO         2625  * .ARM.Collect$$$$00000000  mc_w.l(entry.o)
    0x080000ec   0x00000004   Code   RO         2925    .ARM.Collect$$$$00000001  mc_w.l(entry2.o)
    0x080000f0   0x00000004   Code   RO         2928    .ARM.Collect$$$$00000004  mc_w.l(entry5.o)
    0x080000f4   0x00000000   Code   RO         2930    .ARM.Collect$$$$00000008  mc_w.l(entry7b.o)
    0x080000f4   0x00000000   Code   RO         2932    .ARM.Collect$$$$0000000A  mc_w.l(entry8b.o)
    0x080000f4   0x00000008   Code   RO         2933    .ARM.Collect$$$$0000000B  mc_w.l(entry9a.o)
    0x080000fc   0x00000000   Code   RO         2935    .ARM.Collect$$$$0000000D  mc_w.l(entry10a.o)
    0x080000fc   0x00000000   Code   RO         2937    .ARM.Collect$$$$0000000F  mc_w.l(entry11a.o)
    0x080000fc   0x00000004   Code   RO         2926    .ARM.Collect$$$$00002712  mc_w.l(entry2.o)
    0x08000100   0x00000024   Code   RO         2621    .text               startup_stm32f103xb.o
    0x08000124   0x00000024   Code   RO         2630    .text               mc_w.l(memcpya.o)
    0x08000148   0x0000000e   Code   RO         2632    .text               mc_w.l(strlen.o)
    0x08000156   0x0000002c   Code   RO         2942    .text               mc_w.l(uidiv.o)
    0x08000182   0x00000002   PAD
    0x08000184   0x00000024   Code   RO         2959    .text               mc_w.l(init.o)
    0x080001a8   0x0000005c   Code   RO         2977    .text               mc_w.l(__dczerorl2.o)
    0x08000204   0x0000004a   Code   RO         2441    i.ADC_ConversionStop_Disable  stm32f1xx_hal_adc.o
    0x0800024e   0x0000003a   Code   RO         2442    i.ADC_DMAConvCplt   stm32f1xx_hal_adc.o
    0x08000288   0x00000018   Code   RO         2443    i.ADC_DMAError      stm32f1xx_hal_adc.o
    0x080002a0   0x0000000a   Code   RO         2444    i.ADC_DMAHalfConvCplt  stm32f1xx_hal_adc.o
    0x080002aa   0x00000002   PAD
    0x080002ac   0x0000006c   Code   RO         2445    i.ADC_Enable        stm32f1xx_hal_adc.o
    0x08000318   0x00000004   Code   RO          927    i.CDC_Control_FS    usbd_cdc_if.o
    0x0800031c   0x00000004   Code   RO          928    i.CDC_DeInit_FS     usbd_cdc_if.o
    0x08000320   0x0000002c   Code   RO          929    i.CDC_Init_FS       usbd_cdc_if.o
    0x0800034c   0x0000001c   Code   RO          930    i.CDC_Receive_FS    usbd_cdc_if.o
    0x08000368   0x0000001c   Code   RO          931    i.CDC_Transmit_FS   usbd_cdc_if.o
    0x08000384   0x0000000c   Code   RO          650    i.DMA1_Channel1_IRQHandler  stm32f1xx_it.o
    0x08000390   0x0000001e   Code   RO         1624    i.DMA_SetConfig     stm32f1xx_hal_dma.o
    0x080003ae   0x00000002   PAD
    0x080003b0   0x00000164   Code   RO         2447    i.HAL_ADC_ConfigChannel  stm32f1xx_hal_adc.o
    0x08000514   0x00000002   Code   RO         2448    i.HAL_ADC_ConvCpltCallback  stm32f1xx_hal_adc.o
    0x08000516   0x00000002   Code   RO         2449    i.HAL_ADC_ConvHalfCpltCallback  stm32f1xx_hal_adc.o
    0x08000518   0x00000002   Code   RO         2451    i.HAL_ADC_ErrorCallback  stm32f1xx_hal_adc.o
    0x0800051a   0x00000002   PAD
    0x0800051c   0x00000108   Code   RO         2456    i.HAL_ADC_Init      stm32f1xx_hal_adc.o
    0x08000624   0x00000070   Code   RO          486    i.HAL_ADC_MspInit   stm32f1xx_hal_msp.o
    0x08000694   0x00000088   Code   RO         2462    i.HAL_ADC_Start     stm32f1xx_hal_adc.o
    0x0800071c   0x000000d0   Code   RO         2463    i.HAL_ADC_Start_DMA  stm32f1xx_hal_adc.o
    0x080007ec   0x0000002c   Code   RO         2465    i.HAL_ADC_Stop      stm32f1xx_hal_adc.o
    0x08000818   0x00000048   Code   RO         2466    i.HAL_ADC_Stop_DMA  stm32f1xx_hal_adc.o
    0x08000860   0x00000052   Code   RO         1625    i.HAL_DMA_Abort     stm32f1xx_hal_dma.o
    0x080008b2   0x00000002   PAD
    0x080008b4   0x0000026c   Code   RO         1629    i.HAL_DMA_IRQHandler  stm32f1xx_hal_dma.o
    0x08000b20   0x00000050   Code   RO         1630    i.HAL_DMA_Init      stm32f1xx_hal_dma.o
    0x08000b70   0x00000238   Code   RO         1631    i.HAL_DMA_PollForTransfer  stm32f1xx_hal_dma.o
    0x08000da8   0x00000058   Code   RO         1633    i.HAL_DMA_Start_IT  stm32f1xx_hal_dma.o
    0x08000e00   0x00000016   Code   RO         2125    i.HAL_Delay         stm32f1xx_hal.o
    0x08000e16   0x00000002   PAD
    0x08000e18   0x000001d8   Code   RO         1346    i.HAL_GPIO_Init     stm32f1xx_hal_gpio.o
    0x08000ff0   0x0000000c   Code   RO         2129    i.HAL_GetTick       stm32f1xx_hal.o
    0x08000ffc   0x00000010   Code   RO         2130    i.HAL_IncTick       stm32f1xx_hal.o
    0x0800100c   0x00000024   Code   RO         2131    i.HAL_Init          stm32f1xx_hal.o
    0x08001030   0x00000022   Code   RO         2132    i.HAL_InitTick      stm32f1xx_hal.o
    0x08001052   0x00000002   PAD
    0x08001054   0x0000003c   Code   RO          487    i.HAL_MspInit       stm32f1xx_hal_msp.o
    0x08001090   0x00000018   Code   RO         2003    i.HAL_NVIC_EnableIRQ  stm32f1xx_hal_cortex.o
    0x080010a8   0x00000040   Code   RO         2009    i.HAL_NVIC_SetPriority  stm32f1xx_hal_cortex.o
    0x080010e8   0x00000024   Code   RO         2010    i.HAL_NVIC_SetPriorityGrouping  stm32f1xx_hal_cortex.o
    0x0800110c   0x00000034   Code   RO         1121    i.HAL_PCDEx_PMAConfig  stm32f1xx_hal_pcd_ex.o
    0x08001140   0x00000002   Code   RO          690    i.HAL_PCDEx_SetConnectionState  usbd_conf.o
    0x08001142   0x0000000e   Code   RO          692    i.HAL_PCD_DataInStageCallback  usbd_conf.o
    0x08001150   0x00000010   Code   RO          693    i.HAL_PCD_DataOutStageCallback  usbd_conf.o
    0x08001160   0x00000040   Code   RO         1418    i.HAL_PCD_EP_Close  stm32f1xx_hal_pcd.o
    0x080011a0   0x00000048   Code   RO         1419    i.HAL_PCD_EP_ClrStall  stm32f1xx_hal_pcd.o
    0x080011e8   0x00000010   Code   RO         1421    i.HAL_PCD_EP_GetRxCount  stm32f1xx_hal_pcd.o
    0x080011f8   0x00000044   Code   RO         1422    i.HAL_PCD_EP_Open   stm32f1xx_hal_pcd.o
    0x0800123c   0x00000042   Code   RO         1423    i.HAL_PCD_EP_Receive  stm32f1xx_hal_pcd.o
    0x0800127e   0x00000056   Code   RO         1424    i.HAL_PCD_EP_SetStall  stm32f1xx_hal_pcd.o
    0x080012d4   0x00000040   Code   RO         1425    i.HAL_PCD_EP_Transmit  stm32f1xx_hal_pcd.o
    0x08001314   0x0000010a   Code   RO         1427    i.HAL_PCD_IRQHandler  stm32f1xx_hal_pcd.o
    0x0800141e   0x00000002   PAD
    0x08001420   0x000000bc   Code   RO         1430    i.HAL_PCD_Init      stm32f1xx_hal_pcd.o
    0x080014dc   0x0000003c   Code   RO          698    i.HAL_PCD_MspInit   usbd_conf.o
    0x08001518   0x0000001a   Code   RO          699    i.HAL_PCD_ResetCallback  usbd_conf.o
    0x08001532   0x00000008   Code   RO          700    i.HAL_PCD_ResumeCallback  usbd_conf.o
    0x0800153a   0x00000008   Code   RO          701    i.HAL_PCD_SOFCallback  usbd_conf.o
    0x08001542   0x00000028   Code   RO         1436    i.HAL_PCD_SetAddress  stm32f1xx_hal_pcd.o
    0x0800156a   0x0000000e   Code   RO          702    i.HAL_PCD_SetupStageCallback  usbd_conf.o
    0x08001578   0x00000032   Code   RO         1438    i.HAL_PCD_Start     stm32f1xx_hal_pcd.o
    0x080015aa   0x00000002   PAD
    0x080015ac   0x00000024   Code   RO          703    i.HAL_PCD_SuspendCallback  usbd_conf.o
    0x080015d0   0x00000124   Code   RO         1955    i.HAL_RCCEx_PeriphCLKConfig  stm32f1xx_hal_rcc_ex.o
    0x080016f4   0x00000288   Code   RO         1956    i.HAL_RCC_ClockConfig  stm32f1xx_hal_rcc_ex.o
    0x0800197c   0x00000034   Code   RO         1022    i.HAL_RCC_GetHCLKFreq  stm32f1xx_hal_rcc.o
    0x080019b0   0x00000090   Code   RO         1026    i.HAL_RCC_GetSysClockFreq  stm32f1xx_hal_rcc.o
    0x08001a40   0x0000069e   Code   RO         1029    i.HAL_RCC_OscConfig  stm32f1xx_hal_rcc.o
    0x080020de   0x00000018   Code   RO         2012    i.HAL_SYSTICK_CLKSourceConfig  stm32f1xx_hal_cortex.o
    0x080020f6   0x00000002   Code   RO         2013    i.HAL_SYSTICK_Callback  stm32f1xx_hal_cortex.o
    0x080020f8   0x00000028   Code   RO         2014    i.HAL_SYSTICK_Config  stm32f1xx_hal_cortex.o
    0x08002120   0x00000008   Code   RO         2015    i.HAL_SYSTICK_IRQHandler  stm32f1xx_hal_cortex.o
    0x08002128   0x00000038   Code   RO          897    i.MX_USB_DEVICE_Init  usb_device.o
    0x08002160   0x00000020   Code   RO         2016    i.NVIC_SetPriority  stm32f1xx_hal_cortex.o
    0x08002180   0x0000035e   Code   RO         1441    i.PCD_EP_ISR_Handler  stm32f1xx_hal_pcd.o
    0x080024de   0x0000000e   Code   RO          651    i.SysTick_Handler   stm32f1xx_it.o
    0x080024ec   0x00000062   Code   RO          605    i.SystemClock_Config  main.o
    0x0800254e   0x00000002   PAD
    0x08002550   0x00000048   Code   RO          981    i.SystemInit        system_stm32f1xx.o
    0x08002598   0x00000014   Code   RO          177    i.USBD_CDC_DataIn   usbd_cdc.o
    0x080025ac   0x0000002e   Code   RO          178    i.USBD_CDC_DataOut  usbd_cdc.o
    0x080025da   0x0000003a   Code   RO          179    i.USBD_CDC_DeInit   usbd_cdc.o
    0x08002614   0x00000024   Code   RO          180    i.USBD_CDC_EP0_RxReady  usbd_cdc.o
    0x08002638   0x0000000c   Code   RO          181    i.USBD_CDC_GetDeviceQualifierDescriptor  usbd_cdc.o
    0x08002644   0x0000000c   Code   RO          182    i.USBD_CDC_GetFSCfgDesc  usbd_cdc.o
    0x08002650   0x0000000c   Code   RO          183    i.USBD_CDC_GetHSCfgDesc  usbd_cdc.o
    0x0800265c   0x0000000c   Code   RO          184    i.USBD_CDC_GetOtherSpeedCfgDesc  usbd_cdc.o
    0x08002668   0x00000088   Code   RO          185    i.USBD_CDC_Init     usbd_cdc.o
    0x080026f0   0x00000028   Code   RO          186    i.USBD_CDC_ReceivePacket  usbd_cdc.o
    0x08002718   0x00000010   Code   RO          187    i.USBD_CDC_RegisterInterface  usbd_cdc.o
    0x08002728   0x0000000c   Code   RO          188    i.USBD_CDC_SetRxBuffer  usbd_cdc.o
    0x08002734   0x00000010   Code   RO          189    i.USBD_CDC_SetTxBuffer  usbd_cdc.o
    0x08002744   0x0000005c   Code   RO          190    i.USBD_CDC_Setup    usbd_cdc.o
    0x080027a0   0x0000002e   Code   RO          191    i.USBD_CDC_TransmitPacket  usbd_cdc.o
    0x080027ce   0x0000000e   Code   RO          347    i.USBD_ClrClassConfig  usbd_core.o
    0x080027dc   0x00000010   Code   RO          287    i.USBD_CtlContinueRx  usbd_ioreq.o
    0x080027ec   0x00000010   Code   RO          288    i.USBD_CtlContinueSendData  usbd_ioreq.o
    0x080027fc   0x00000016   Code   RO            4    i.USBD_CtlError     usbd_ctlreq.o
    0x08002812   0x0000001e   Code   RO          289    i.USBD_CtlPrepareRx  usbd_ioreq.o
    0x08002830   0x00000016   Code   RO          290    i.USBD_CtlReceiveStatus  usbd_ioreq.o
    0x08002846   0x0000001a   Code   RO          291    i.USBD_CtlSendData  usbd_ioreq.o
    0x08002860   0x00000016   Code   RO          292    i.USBD_CtlSendStatus  usbd_ioreq.o
    0x08002876   0x00000002   PAD
    0x08002878   0x00000020   Code   RO          537    i.USBD_FS_ConfigStrDescriptor  usbd_desc.o
    0x08002898   0x0000000c   Code   RO          538    i.USBD_FS_DeviceDescriptor  usbd_desc.o
    0x080028a4   0x00000024   Code   RO          539    i.USBD_FS_InterfaceStrDescriptor  usbd_desc.o
    0x080028c8   0x0000000c   Code   RO          540    i.USBD_FS_LangIDStrDescriptor  usbd_desc.o
    0x080028d4   0x00000028   Code   RO          541    i.USBD_FS_ManufacturerStrDescriptor  usbd_desc.o
    0x080028fc   0x0000002c   Code   RO          542    i.USBD_FS_ProductStrDescriptor  usbd_desc.o
    0x08002928   0x00000024   Code   RO          543    i.USBD_FS_SerialStrDescriptor  usbd_desc.o
    0x0800294c   0x000000e2   Code   RO            5    i.USBD_GetDescriptor  usbd_ctlreq.o
    0x08002a2e   0x00000046   Code   RO            6    i.USBD_GetString    usbd_ctlreq.o
    0x08002a74   0x0000002a   Code   RO          349    i.USBD_Init         usbd_core.o
    0x08002a9e   0x0000000e   Code   RO          704    i.USBD_LL_ClearStallEP  usbd_conf.o
    0x08002aac   0x0000000e   Code   RO          705    i.USBD_LL_CloseEP   usbd_conf.o
    0x08002aba   0x000000a0   Code   RO          350    i.USBD_LL_DataInStage  usbd_core.o
    0x08002b5a   0x0000006a   Code   RO          351    i.USBD_LL_DataOutStage  usbd_core.o
    0x08002bc4   0x00000008   Code   RO          709    i.USBD_LL_GetRxDataSize  usbd_conf.o
    0x08002bcc   0x00000078   Code   RO          710    i.USBD_LL_Init      usbd_conf.o
    0x08002c44   0x0000001c   Code   RO          711    i.USBD_LL_IsStallEP  usbd_conf.o
    0x08002c60   0x00000014   Code   RO          712    i.USBD_LL_OpenEP    usbd_conf.o
    0x08002c74   0x0000000e   Code   RO          713    i.USBD_LL_PrepareReceive  usbd_conf.o
    0x08002c82   0x0000003e   Code   RO          356    i.USBD_LL_Reset     usbd_core.o
    0x08002cc0   0x0000000c   Code   RO          357    i.USBD_LL_Resume    usbd_core.o
    0x08002ccc   0x00000018   Code   RO          358    i.USBD_LL_SOF       usbd_core.o
    0x08002ce4   0x00000006   Code   RO          359    i.USBD_LL_SetSpeed  usbd_core.o
    0x08002cea   0x0000000e   Code   RO          714    i.USBD_LL_SetUSBAddress  usbd_conf.o
    0x08002cf8   0x0000005a   Code   RO          360    i.USBD_LL_SetupStage  usbd_core.o
    0x08002d52   0x0000000e   Code   RO          715    i.USBD_LL_StallEP   usbd_conf.o
    0x08002d60   0x0000000e   Code   RO          716    i.USBD_LL_Start     usbd_conf.o
    0x08002d6e   0x00000010   Code   RO          361    i.USBD_LL_Suspend   usbd_core.o
    0x08002d7e   0x0000000e   Code   RO          718    i.USBD_LL_Transmit  usbd_conf.o
    0x08002d8c   0x00000028   Code   RO            7    i.USBD_ParseSetupRequest  usbd_ctlreq.o
    0x08002db4   0x00000010   Code   RO          362    i.USBD_RegisterClass  usbd_core.o
    0x08002dc4   0x00000016   Code   RO          364    i.USBD_SetClassConfig  usbd_core.o
    0x08002dda   0x00000002   PAD
    0x08002ddc   0x00000074   Code   RO            8    i.USBD_SetConfig    usbd_ctlreq.o
    0x08002e50   0x0000000a   Code   RO          365    i.USBD_Start        usbd_core.o
    0x08002e5a   0x00000102   Code   RO            9    i.USBD_StdDevReq    usbd_ctlreq.o
    0x08002f5c   0x000000c2   Code   RO           10    i.USBD_StdEPReq     usbd_ctlreq.o
    0x0800301e   0x00000034   Code   RO           11    i.USBD_StdItfReq    usbd_ctlreq.o
    0x08003052   0x00000004   Code   RO          719    i.USBD_static_free  usbd_conf.o
    0x08003056   0x00000002   PAD
    0x08003058   0x00000008   Code   RO          720    i.USBD_static_malloc  usbd_conf.o
    0x08003060   0x00000260   Code   RO         1151    i.USB_ActivateEndpoint  stm32f1xx_ll_usb.o
    0x080032c0   0x00000004   Code   RO         1154    i.USB_CoreInit      stm32f1xx_ll_usb.o
    0x080032c4   0x00000124   Code   RO         1156    i.USB_DeactivateEndpoint  stm32f1xx_ll_usb.o
    0x080033e8   0x00000004   Code   RO         1157    i.USB_DevConnect    stm32f1xx_ll_usb.o
    0x080033ec   0x00000004   Code   RO         1158    i.USB_DevDisconnect  stm32f1xx_ll_usb.o
    0x080033f0   0x00000012   Code   RO         1159    i.USB_DevInit       stm32f1xx_ll_usb.o
    0x08003402   0x0000000e   Code   RO         1160    i.USB_DisableGlobalInt  stm32f1xx_ll_usb.o
    0x08003410   0x00000004   Code   RO         1161    i.USB_EP0_OutStart  stm32f1xx_ll_usb.o
    0x08003414   0x0000006a   Code   RO         1162    i.USB_EPClearStall  stm32f1xx_ll_usb.o
    0x0800347e   0x0000004a   Code   RO         1163    i.USB_EPSetStall    stm32f1xx_ll_usb.o
    0x080034c8   0x00000148   Code   RO         1164    i.USB_EPStartXfer   stm32f1xx_ll_usb.o
    0x08003610   0x0000000e   Code   RO         1165    i.USB_EnableGlobalInt  stm32f1xx_ll_usb.o
    0x0800361e   0x00000002   PAD
    0x08003620   0x0000000c   Code   RO          652    i.USB_LP_CAN1_RX0_IRQHandler  stm32f1xx_it.o
    0x0800362c   0x00000006   Code   RO         1172    i.USB_ReadInterrupts  stm32f1xx_ll_usb.o
    0x08003632   0x00000002   PAD
    0x08003634   0x0000001e   Code   RO         1173    i.USB_ReadPMA       stm32f1xx_ll_usb.o
    0x08003652   0x00000004   Code   RO         1175    i.USB_SetCurrentMode  stm32f1xx_ll_usb.o
    0x08003656   0x0000000c   Code   RO         1176    i.USB_SetDevAddress  stm32f1xx_ll_usb.o
    0x08003662   0x00000024   Code   RO         1178    i.USB_WritePMA      stm32f1xx_ll_usb.o
    0x08003686   0x00000002   PAD
    0x08003688   0x00000028   Code   RO         2683    i.__0sprintf$1      mc_w.l(printf1.o)
    0x080036b0   0x0000000e   Code   RO         2971    i.__scatterload_copy  mc_w.l(handlers.o)
    0x080036be   0x00000002   Code   RO         2972    i.__scatterload_null  mc_w.l(handlers.o)
    0x080036c0   0x0000000e   Code   RO         2973    i.__scatterload_zeroinit  mc_w.l(handlers.o)
    0x080036ce   0x00000002   PAD
    0x080036d0   0x00000154   Code   RO         2688    i._printf_core      mc_w.l(printf1.o)
    0x08003824   0x0000000a   Code   RO         2690    i._sputc            mc_w.l(printf1.o)
    0x0800382e   0x00000002   PAD
    0x08003830   0x00000050   Code   RO         2897    i.free              mc_w.l(malloc.o)
    0x08003880   0x00000130   Code   RO          606    i.main              main.o
    0x080039b0   0x00000010   Data   RO         1030    .constdata          stm32f1xx_hal_rcc.o
    0x080039c0   0x00000020   Data   RO         2969    Region$$Table       anon$$obj.o


    Execution Region RW_IRAM1 (Base: 0x20000000, Size: 0x00001720, Max: 0x00005000, ABSOLUTE, COMPRESSED[0x000000c4])

    Base Addr    Size         Type   Attr      Idx    E Section Name        Object

    0x20000000   0x00000001   Data   RW           12    .data               usbd_ctlreq.o
    0x20000001   0x00000003   PAD
    0x20000004   0x000000d7   Data   RW          192    .data               usbd_cdc.o
    0x200000db   0x00000001   PAD
    0x200000dc   0x00000038   Data   RW          193    .data               usbd_cdc.o
    0x20000114   0x0000001c   Data   RW          545    .data               usbd_desc.o
    0x20000130   0x00000016   Data   RW          546    .data               usbd_desc.o
    0x20000146   0x00000002   PAD
    0x20000148   0x00000010   Data   RW          933    .data               usbd_cdc_if.o
    0x20000158   0x00000004   Data   RW          934    .data               usbd_cdc_if.o
    0x2000015c   0x00000014   Data   RW          982    .data               system_stm32f1xx.o
    0x20000170   0x00000004   Data   RW         2137    .data               stm32f1xx_hal.o
    0x20000174   0x00000004   Data   RW         2946    .data               mc_w.l(mvars.o)
    0x20000178   0x00000200   Zero   RW          544    .bss                usbd_desc.o
    0x20000378   0x000006c2   Zero   RW          607    .bss                main.o
    0x20000a3a   0x00000002   PAD
    0x20000a3c   0x0000063c   Zero   RW          721    .bss                usbd_conf.o
    0x20001078   0x00000224   Zero   RW          898    .bss                usb_device.o
    0x2000129c   0x00000080   Zero   RW          932    .bss                usbd_cdc_if.o
    0x2000131c   0x00000004   PAD
    0x20001320   0x00000400   Zero   RW         2618    STACK               startup_stm32f103xb.o


==============================================================================

Image component sizes


      Code (inc. data)   RO Data    RW Data    ZI Data      Debug   Object Name

       402         26          0          0       1730       3545   main.o
        36          8        236          0       1024        812   startup_stm32f103xb.o
       120         16          0          4          0       3066   stm32f1xx_hal.o
      1360         56          0          0          0       8704   stm32f1xx_hal_adc.o
       230         24          0          0          0      26209   stm32f1xx_hal_cortex.o
      1468         10          0          0          0       4605   stm32f1xx_hal_dma.o
       472         36          0          0          0       2028   stm32f1xx_hal_gpio.o
       172         30          0          0          0      32712   stm32f1xx_hal_msp.o
      1842          0          0          0          0       8177   stm32f1xx_hal_pcd.o
        52          0          0          0          0        942   stm32f1xx_hal_pcd_ex.o
      1890         64         16          0          0       3428   stm32f1xx_hal_rcc.o
       940         24          0          0          0       2406   stm32f1xx_hal_rcc_ex.o
        38         12          0          0          0       1130   stm32f1xx_it.o
      1558          0          0          0          0      10251   stm32f1xx_ll_usb.o
        72         16          0         20          0       1117   system_stm32f1xx.o
        56         18          0          0        548        560   usb_device.o
       566         16          0        271          0      10570   usbd_cdc.o
       108         26          0         20        128       2553   usbd_cdc_if.o
       470         28          0          0       1596       9825   usbd_conf.o
       580          0          0          0          0       7428   usbd_core.o
       978         30          0          1          0     216740   usbd_ctlreq.o
       212        116          0         50        512       4019   usbd_desc.o
       132          0          0          0          0       3492   usbd_ioreq.o

    ----------------------------------------------------------------------
     13784        556        284        372       5544     364319   Object Totals
         0          0         32          0          0          0   (incl. Generated)
        30          0          0          6          6          0   (incl. Padding)

    ----------------------------------------------------------------------

      Code (inc. data)   RO Data    RW Data    ZI Data      Debug   Library Member Name

        92          0          0          0          0          0   __dczerorl2.o
         0          0          0          0          0          0   entry.o
         0          0          0          0          0          0   entry10a.o
         0          0          0          0          0          0   entry11a.o
         8          4          0          0          0          0   entry2.o
         4          0          0          0          0          0   entry5.o
         0          0          0          0          0          0   entry7b.o
         0          0          0          0          0          0   entry8b.o
         8          4          0          0          0          0   entry9a.o
        30          0          0          0          0          0   handlers.o
        36          8          0          0          0         68   init.o
        80          4          0          0          0         76   malloc.o
        36          0          0          0          0         68   memcpya.o
         0          0          0          4          0          0   mvars.o
       390         12          0          0          0        248   printf1.o
        14          0          0          0          0         68   strlen.o
        44          0          0          0          0         80   uidiv.o

    ----------------------------------------------------------------------
       748         32          0          4          0        608   Library Totals
         6          0          0          0          0          0   (incl. Padding)

    ----------------------------------------------------------------------

      Code (inc. data)   RO Data    RW Data    ZI Data      Debug   Library Name

       742         32          0          4          0        608   mc_w.l

    ----------------------------------------------------------------------
       748         32          0          4          0        608   Library Totals

    ----------------------------------------------------------------------

==============================================================================


      Code (inc. data)   RO Data    RW Data    ZI Data      Debug   

     14532        588        284        376       5544     356763   Grand Totals
     14532        588        284        196       5544     356763   ELF Image Totals (compressed)
     14532        588        284        196          0          0   ROM Totals

==============================================================================

    Total RO  Size (Code + RO Data)                14816 (  14.47kB)
    Total RW  Size (RW Data + ZI Data)              5920 (   5.78kB)
    Total ROM Size (Code + RO Data + RW Data)      15012 (  14.66kB)

==============================================================================

